2026-09-27 16:18:43 - INFO - Web 启动: http://0.0.0.0:6000
2026-09-27 16:18:44 - INFO - 定时任务启动: 0 4 * * *
2026-09-27 16:38:56 - INFO - ============================================================
2026-09-27 16:38:56 - INFO - IPTV 采集开始
2026-09-27 16:38:56 - INFO - 开始破解 0~100000000
2026-09-27 16:38:56 - INFO - 多进程破解：8 进程
2026-09-27 16:38:56 - INFO - 暴力破解 00000000~12500000
2026-09-27 16:38:56 - INFO - 暴力破解 12500000~25000000
2026-09-27 16:38:56 - INFO - 暴力破解 37500000~50000000
2026-09-27 16:38:56 - INFO - 暴力破解 50000000~62500000
2026-09-27 16:38:56 - INFO - 暴力破解 25000000~37500000
2026-09-27 16:38:56 - INFO - 暴力破解 75000000~87500000
2026-09-27 16:38:56 - INFO - 暴力破解 62500000~75000000
2026-09-27 16:38:56 - INFO - 暴力破解 87500000~100000000
2026-09-27 16:50:18 - INFO - 配置已保存: ['AuthenticationIP', 'Authenticator', 'STBID', 'STBType', 'STBVersion', 'UserID', 'key', 'mac']
2026-09-27 16:50:44 - INFO - 多进程破解：8 进程
2026-09-27 16:50:44 - INFO - 暴力破解 00000000~12500000
2026-09-27 16:50:44 - INFO - 暴力破解 12500000~25000000
2026-09-27 16:50:44 - INFO - 暴力破解 25000000~37500000
2026-09-27 16:50:44 - INFO - 暴力破解 37500000~50000000
2026-09-27 16:50:44 - INFO - 暴力破解 50000000~62500000
2026-09-27 16:50:44 - INFO - 暴力破解 62500000~75000000
2026-09-27 16:50:44 - INFO - 暴力破解 75000000~87500000
2026-09-27 16:50:44 - INFO - 暴力破解 87500000~100000000
2026-09-27 16:57:34 - INFO - Web 启动: http://0.0.0.0:6000
2026-09-27 16:57:35 - INFO - 定时任务启动: 0 4 * * *
2026-09-27 16:57:59 - INFO - ============================================================
2026-09-27 16:57:59 - INFO - IPTV 采集开始
2026-09-27 16:57:59 - INFO - 使用配置中的 key: 02669410
2026-09-27 16:57:59 - WARNING - key 校验失败，重新破解
2026-09-27 16:57:59 - INFO - 开始破解 0~100000000
2026-09-27 16:57:59 - INFO - 多进程破解：8 进程
2026-09-27 16:58:00 - INFO - 暴力破解 00000000~12500000
2026-09-27 16:58:00 - INFO - 暴力破解 25000000~37500000
2026-09-27 16:58:00 - INFO - 暴力破解 37500000~50000000
2026-09-27 16:58:00 - INFO - 暴力破解 50000000~62500000
2026-09-27 16:58:00 - INFO - 暴力破解 12500000~25000000
2026-09-27 16:58:00 - INFO - 暴力破解 62500000~75000000
2026-09-27 16:58:00 - INFO - 暴力破解 75000000~87500000
2026-09-27 16:58:00 - INFO - 暴力破解 87500000~100000000
2026-09-27 17:02:57 - INFO - Web 启动: http://0.0.0.0:6000
2026-09-27 17:02:58 - INFO - 定时任务启动: 0 4 * * *
2026-09-27 17:03:08 - INFO - ============================================================
2026-09-27 17:03:08 - INFO - IPTV 采集开始
2026-09-27 17:03:08 - INFO - 使用配置中的 key: 02668400
2026-09-27 17:03:08 - WARNING - key 校验失败，重新破解
2026-09-27 17:03:08 - INFO - 开始破解 0~100000000
2026-09-27 17:03:08 - INFO - 多进程破解：8 进程
2026-09-27 17:03:08 - INFO - 暴力破解 00000000~12500000
2026-09-27 17:03:08 - INFO - 暴力破解 12500000~25000000
2026-09-27 17:03:08 - INFO - 暴力破解 25000000~37500000
2026-09-27 17:03:08 - INFO - 暴力破解 37500000~50000000
2026-09-27 17:03:08 - INFO - 暴力破解 50000000~62500000
2026-09-27 17:03:08 - INFO - 暴力破解 62500000~75000000
2026-09-27 17:03:08 - INFO - 暴力破解 75000000~87500000
2026-09-27 17:03:08 - INFO - 暴力破解 87500000~100000000
2026-09-27 17:12:11 - INFO - Web 启动: http://0.0.0.0:6000
2026-09-27 17:12:12 - INFO - 定时任务启动: 0 4 * * *
2026-09-27 17:12:37 - INFO - ============================================================
2026-09-27 17:12:37 - INFO - IPTV 采集开始
2026-09-27 17:12:37 - INFO - 使用配置中的 key: 02668400
2026-09-27 17:12:37 - INFO -   random: 99999
2026-09-27 17:12:37 - INFO -   token: 352587D543F900E842CF497968BA8CF0
2026-09-27 17:12:37 - INFO -   user_id: i5207379189@itv
2026-09-27 17:12:37 - INFO -   stb_id: 0010049900608930173628A6DB6FD29E
2026-09-27 17:12:37 - INFO -   ip: 173.45.20.200
2026-09-27 17:12:37 - INFO -   mac: 28:A6:DB:6F:D2:9E
2026-09-27 17:12:37 - INFO -   _: 
2026-09-27 17:12:37 - INFO -   isp: CTC
2026-09-27 17:12:37 - INFO - 步骤1: 公网认证入口
2026-09-27 17:12:37 - INFO - 步骤2: 内网认证入口
2026-09-27 17:12:37 - INFO - 步骤3: 登录
2026-09-27 17:12:37 - WARNING - 未获取 SessionID，需从抓包获取
2026-09-27 17:12:37 - INFO - 拉取频道列表...
2026-09-27 17:12:37 - ERROR - 解析失败: Expecting value: line 1 column 1 (char 0)
2026-09-27 17:12:37 - ERROR - 频道为空
2026-09-27 17:17:43 - INFO - Web 启动: http://0.0.0.0:6000
2026-09-27 17:17:44 - INFO - 定时任务启动: 0 4 * * *
2026-09-27 17:17:49 - INFO - ============================================================
2026-09-27 17:17:49 - INFO - IPTV 采集开始
2026-09-27 17:17:49 - INFO - 使用配置中的 key: 02668400
2026-09-27 17:17:49 - INFO -   random: 99999
2026-09-27 17:17:49 - INFO -   token: 352587D543F900E842CF497968BA8CF0
2026-09-27 17:17:49 - INFO -   user_id: i5207379189@itv
2026-09-27 17:17:49 - INFO -   stb_id: 0010049900608930173628A6DB6FD29E
2026-09-27 17:17:49 - INFO -   ip: 173.45.20.200
2026-09-27 17:17:49 - INFO -   mac: 28:A6:DB:6F:D2:9E
2026-09-27 17:17:49 - INFO -   _: 
2026-09-27 17:17:49 - INFO -   isp: CTC
2026-09-27 17:17:49 - INFO - 步骤1: 公网认证入口
2026-09-27 17:17:49 - INFO - 步骤2: 内网认证入口
2026-09-27 17:17:49 - INFO - 步骤3: 登录
2026-09-27 17:17:49 - INFO - 步骤4: 生成 Authenticator
2026-09-27 17:17:49 - INFO - 生成 Authenticator: e7eee6d0e8eb0b2a809ab3a330b9f642...
2026-09-27 17:17:49 - INFO - 步骤5: 鉴权
2026-09-27 17:17:49 - ERROR - 未获取 SessionID
2026-09-27 17:17:49 - INFO - 拉取频道列表...
2026-09-27 17:17:49 - ERROR - 解析失败: Expecting value: line 1 column 1 (char 0)
2026-09-27 17:17:49 - ERROR - 频道为空
2026-09-27 17:28:48 - INFO - Web 启动: http://0.0.0.0:6000
2026-09-27 17:28:49 - INFO - 定时任务启动: 0 4 * * *
2026-09-27 17:28:53 - INFO - ============================================================
2026-09-27 17:28:53 - INFO - IPTV 采集开始
2026-09-27 17:28:53 - INFO - 使用配置中的 key: 02668400
2026-09-27 17:28:53 - INFO -   random: 99999
2026-09-27 17:28:53 - INFO -   token: 352587D543F900E842CF497968BA8CF0
2026-09-27 17:28:53 - INFO -   user_id: i5207379189@itv
2026-09-27 17:28:53 - INFO -   stb_id: 0010049900608930173628A6DB6FD29E
2026-09-27 17:28:53 - INFO -   ip: 173.45.20.200
2026-09-27 17:28:53 - INFO -   mac: 28:A6:DB:6F:D2:9E
2026-09-27 17:28:53 - INFO -   _: 
2026-09-27 17:28:53 - INFO -   isp: CTC
2026-09-27 17:28:53 - INFO - 步骤1: 公网认证入口
2026-09-27 17:28:53 - WARNING - 公网入口失败: HTTPConnectionPool(host='epg.itv.cq.cn', port=8080): Max retries exceeded with url: /EDS/jsp/AuthenticationURL?UserID=i5207379189%40itv&Action=Login&FCCSupport=1 (Caused by NameResolutionError("HTTPConnection(host='epg.itv.cq.cn', port=8080): Failed to resolve 'epg.itv.cq.cn' ([Errno -2] Name or service not known)"))
2026-09-27 17:28:53 - INFO - 步骤2: 内网认证入口
2026-09-27 17:28:53 - INFO -   状态码: 200, 长度: 183
2026-09-27 17:28:53 - INFO -   Cookie: {}
2026-09-27 17:28:53 - INFO - 步骤3: 登录
2026-09-27 17:28:53 - ERROR - 未找到 EncryptToken，可能登录页异常
2026-09-27 17:28:53 - INFO - 拉取频道列表...
2026-09-27 17:28:53 - ERROR - 解析失败: Expecting value: line 1 column 1 (char 0)
2026-09-27 17:28:53 - ERROR - 频道为空
2026-09-27 17:38:01 - INFO - Web 启动: http://0.0.0.0:6000
2026-09-27 17:38:03 - INFO - 定时任务启动: 0 4 * * *
2026-09-27 17:38:11 - INFO - ============================================================
2026-09-27 17:38:11 - INFO - IPTV 采集开始
2026-09-27 17:38:11 - INFO - 使用配置中的 key: 02668400
2026-09-27 17:38:11 - INFO -   random: 99999
2026-09-27 17:38:11 - INFO -   token: 352587D543F900E842CF497968BA8CF0
2026-09-27 17:38:11 - INFO -   user_id: i5207379189@itv
2026-09-27 17:38:11 - INFO -   stb_id: 0010049900608930173628A6DB6FD29E
2026-09-27 17:38:11 - INFO -   ip: 173.45.20.200
2026-09-27 17:38:11 - INFO -   mac: 28:A6:DB:6F:D2:9E
2026-09-27 17:38:11 - INFO -   _: 
2026-09-27 17:38:11 - INFO -   isp: CTC
2026-09-27 17:38:11 - INFO - 步骤1: 认证入口 (尝试 1/3)
2026-09-27 17:38:11 - INFO -   host: 172.23.88.159:33200
2026-09-27 17:38:11 - INFO - 步骤2: 登录
2026-09-27 17:38:11 - INFO -   EncryptToken: 448CBAA80844D39DFC3E51245D40D048
2026-09-27 17:38:11 - INFO -   userToken: 448CBAA80844D39DFC3E51245D40D048
2026-09-27 17:38:11 - INFO - 步骤3: 生成 Authenticator
2026-09-27 17:38:11 - INFO -   明文: 02668400$448CBAA80844D39DFC3E51245D40D048$i5207379189@itv$0010049900608930173628...
2026-09-27 17:38:11 - INFO -   密文: 815e1ff26c5789d89e6fb52fddbe2df6...
2026-09-27 17:38:11 - INFO - 步骤4: 鉴权
2026-09-27 17:38:11 - INFO -   ✅ isSucessed = true
2026-09-27 17:38:11 - INFO -   JSESSIONID: 05LSBNN5ESG3JYRHG5RL99HGGLCL8BLA
2026-09-27 17:38:11 - INFO -   UserToken: Mw5gpMw5gp2mSZycVV57PVKHZZ3Wy5Ak
2026-09-27 17:38:11 - INFO -   stbid: 990060
2026-09-27 17:38:11 - INFO - 拉取频道列表...
2026-09-27 17:38:11 - ERROR - 解析失败: Expecting value: line 1 column 1 (char 0)
2026-09-27 17:38:11 - ERROR - 频道为空
2026-09-27 17:45:34 - INFO - Web 启动: http://0.0.0.0:6000
2026-09-27 17:45:37 - INFO - 定时任务启动: 0 4 * * *
2026-09-27 17:45:43 - INFO - ============================================================
2026-09-27 17:45:43 - INFO - IPTV 采集开始
2026-09-27 17:45:43 - INFO - 使用配置中的 key: 02668400
2026-09-27 17:45:43 - INFO -   random: 99999
2026-09-27 17:45:43 - INFO -   token: 352587D543F900E842CF497968BA8CF0
2026-09-27 17:45:43 - INFO -   user_id: i5207379189@itv
2026-09-27 17:45:43 - INFO -   stb_id: 0010049900608930173628A6DB6FD29E
2026-09-27 17:45:43 - INFO -   ip: 173.45.20.200
2026-09-27 17:45:43 - INFO -   mac: 28:A6:DB:6F:D2:9E
2026-09-27 17:45:43 - INFO -   _: 
2026-09-27 17:45:43 - INFO -   isp: CTC
2026-09-27 17:45:43 - INFO - 步骤1: 认证入口 (尝试 1/3)
2026-09-27 17:45:43 - INFO -   host: 172.23.88.159:33200
2026-09-27 17:45:43 - INFO - 步骤2: 登录
2026-09-27 17:45:43 - INFO -   EncryptToken: 699B052F4EC5EF79447EF2F4A3C661E2
2026-09-27 17:45:43 - INFO -   userToken: 699B052F4EC5EF79447EF2F4A3C661E2
2026-09-27 17:45:43 - INFO - 步骤3: 生成 Authenticator
2026-09-27 17:45:43 - INFO -   明文: 02668400$699B052F4EC5EF79447EF2F4A3C661E2$i5207379189@itv$0010049900608930173628...
2026-09-27 17:45:43 - INFO -   密文: 815e1ff26c5789d8d725e097fea7ba72...
2026-09-27 17:45:43 - INFO - 步骤4: 鉴权
2026-09-27 17:45:43 - INFO -   ✅ isSucessed = true
2026-09-27 17:45:43 - INFO -   JSESSIONID: 05LSC07CV4ZIPDB4EA4NA6ED2ZN9AG4Z
2026-09-27 17:45:43 - INFO -   Cookie: {'JSESSIONID': '05LSC07CV4ZIPDB4EA4NA6ED2ZN9AG4Z'}
2026-09-27 17:45:43 - INFO -   UserToken: Mw5o7Mw5o76c2yGKSJwyc3u2zXczF5Rz
2026-09-27 17:45:43 - INFO -   stbid: 990060
2026-09-27 17:45:43 - INFO - 认证成功: host=172.23.88.159:33200, JSESSIONID=05LSC07CV4ZIPDB4EA4NA6ED2ZN9AG4Z
2026-09-27 17:45:43 - INFO - fetch 前 cookies: {'JSESSIONID': '05LSC07CV4ZIPDB4EA4NA6ED2ZN9AG4Z'}
2026-09-27 17:45:43 - INFO - 拉取频道列表...
2026-09-27 17:45:43 - WARNING - HTTP 404: http://172.23.88.159:33200/diyiyingshi/en/utilsData/channelList.jsp
2026-09-27 17:45:43 - WARNING - HTTP 404: http://172.23.88.159:33200/diyiyingshi/en/utilsData/channelList.jsp
2026-09-27 17:45:43 - WARNING - HTTP 404: http://172.23.88.159:33200/diyiyingshi/en/utilsData/channelList.jsp
2026-09-27 17:45:43 - ERROR - 频道列表响应为空（None）
2026-09-27 17:45:43 - ERROR - 频道列表为空
2026-09-27 17:52:44 - INFO - Web 启动: http://0.0.0.0:6000
2026-09-27 17:52:45 - INFO - 定时任务启动: 0 4 * * *
2026-09-27 17:52:50 - INFO - ============================================================
2026-09-27 17:52:50 - INFO - IPTV 采集开始
2026-09-27 17:52:50 - INFO - 使用配置中的 key: 02668400
2026-09-27 17:52:50 - INFO -   random: 99999
2026-09-27 17:52:50 - INFO -   token: 352587D543F900E842CF497968BA8CF0
2026-09-27 17:52:50 - INFO -   user_id: i5207379189@itv
2026-09-27 17:52:50 - INFO -   stb_id: 0010049900608930173628A6DB6FD29E
2026-09-27 17:52:50 - INFO -   ip: 173.45.20.200
2026-09-27 17:52:50 - INFO -   mac: 28:A6:DB:6F:D2:9E
2026-09-27 17:52:50 - INFO -   _: 
2026-09-27 17:52:50 - INFO -   isp: CTC
2026-09-27 17:52:50 - INFO - 认证 base: http://172.23.88.159:33200
2026-09-27 17:52:50 - INFO - 步骤1: 认证入口 (尝试 1/3)
2026-09-27 17:52:50 - INFO -   认证 URL: http://172.23.88.159:33200/EDS/jsp/AuthenticationURL?UserID=i5207379189@itv&Action=Login
2026-09-27 17:52:51 - INFO -   host: 172.23.88.159:33200
2026-09-27 17:52:51 - INFO - 步骤2: 登录
2026-09-27 17:52:51 - INFO -   EncryptToken: 1865CE158535EB2679015EC7C90EC16
2026-09-27 17:52:51 - INFO -   userToken: 1865CE158535EB2679015EC7C90EC16
2026-09-27 17:52:51 - INFO - 步骤3: 生成 Authenticator
2026-09-27 17:52:51 - INFO -   明文: 02668400$1865CE158535EB2679015EC7C90EC16$i5207379189@itv$0010049900608930173628A...
2026-09-27 17:52:51 - INFO -   密文: 815e1ff26c5789d8ae61c01ea282d82f...
2026-09-27 17:52:51 - INFO - 步骤4: 鉴权
2026-09-27 17:52:51 - INFO -   ✅ isSucessed = true
2026-09-27 17:52:51 - INFO -   JSESSIONID: 05LSCC3E08SFLLGJOF41L0IH9PQ4Z5L3
2026-09-27 17:52:51 - INFO -   Cookie: {'JSESSIONID': '05LSCC3E08SFLLGJOF41L0IH9PQ4Z5L3'}
2026-09-27 17:52:51 - INFO -   UserToken: Mw5v1Mw5v17CRNJQAhz7opF4njGrtgjX
2026-09-27 17:52:51 - INFO -   stbid: 990060
2026-09-27 17:52:51 - INFO - 认证成功: host=172.23.88.159:33200, JSESSIONID=05LSCC3E08SFLLGJOF41L0IH9PQ4Z5L3
2026-09-27 17:52:51 - INFO - fetch 前 cookies: {'JSESSIONID': '05LSCC3E08SFLLGJOF41L0IH9PQ4Z5L3'}
2026-09-27 17:52:51 - INFO - 拉取频道列表...
2026-09-27 17:52:51 - INFO - 频道列表响应长度: 42641
2026-09-27 17:52:51 - INFO - 频道列表响应前 200 字: [{"chanList":[{"timeShift":1,"hasSubscrib":1,"isTVOD":1,"channelName":"CCTV-1综合(高清)","channelType":1,"channelID":"1491","channelIndex":1},{"timeShift":1,"hasSubscrib":1,"isTVOD":1,"channelName":"CCTV-
2026-09-27 17:52:51 - INFO -   ✅ 解析成功: 6 栏目, 344 频道
2026-09-27 17:52:51 - INFO -   清洗了 33 个频道名
2026-09-27 17:52:51 - INFO -   扁平化后 151 个唯一频道
2026-09-27 17:52:51 - INFO - 扁平化 151
2026-09-27 17:52:51 - INFO - 过滤后 101
2026-09-27 17:52:51 - ERROR - 解析失败: Expecting property name enclosed in double quotes: line 264 column 1 (char 9420)
2026-09-27 17:52:51 - INFO - 解析 225 个频道地址
2026-09-27 17:52:51 - INFO - 采集节目单，101 频道
2026-09-27 17:52:51 - INFO -   [1/101] CCTV-1综合(高清)
2026-09-27 17:52:51 - INFO -   [2/101] CCTV-2财经(高清)
2026-09-27 17:52:51 - INFO -   [3/101] CCTV-3综艺(高清)
2026-09-27 17:52:51 - INFO -   [4/101] CCTV-4中文国际(高清)
2026-09-27 17:52:51 - INFO -   [5/101] CCTV-5体育(高清)
2026-09-27 17:52:51 - INFO -   [6/101] CCTV-5＋体育赛事(高清)
2026-09-27 17:52:51 - INFO -   [7/101] CCTV-6电影(高清)
2026-09-27 17:52:52 - INFO -   [8/101] CCTV-7国防军事(高清)
2026-09-27 17:52:52 - INFO -   [9/101] CCTV-8电视剧(高清)
2026-09-27 17:52:52 - INFO -   [10/101] CCTV-9纪录(高清)
2026-09-27 17:52:52 - INFO -   [11/101] CCTV-10科教(高清)
2026-09-27 17:52:52 - INFO -   [12/101] CCTV-11戏曲(高清)
2026-09-27 17:52:52 - INFO -   [13/101] CCTV-12社会与法(高清)
2026-09-27 17:52:52 - INFO -   [14/101] CCTV-13新闻(高清)
2026-09-27 17:52:52 - INFO -   [15/101] CCTV-少儿(高清)
2026-09-27 17:52:52 - INFO -   [16/101] CCTV-15音乐(高清)
2026-09-27 17:52:53 - INFO -   [17/101] CCTV-17农业农村(高清)
2026-09-27 17:52:53 - INFO -   [18/101] 重庆卫视(高清)
2026-09-27 17:52:53 - INFO -   [19/101] CQTV新闻(高清)
2026-09-27 17:52:53 - INFO -   [20/101] CQTV影视剧(高清)
2026-09-27 17:52:53 - INFO -   [21/101] CQTV社会与法(高清)
2026-09-27 17:52:53 - INFO -   [22/101] CQTV红岩文化(高清)
2026-09-27 17:52:53 - INFO -   [23/101] CQTV娱乐(高清)
2026-09-27 17:52:53 - INFO -   [24/101] CQTV新农村(高清)
2026-09-27 17:52:53 - INFO -   [25/101] CQTV少儿(高清)
2026-09-27 17:52:54 - INFO -   [26/101] CQTV红叶(高清)
2026-09-27 17:52:54 - INFO -   [27/101] CQTV汽摩(高清)
2026-09-27 17:52:54 - INFO -   [28/101] CQTV移动(高清)
2026-09-27 17:52:54 - INFO -   [29/101] 江苏卫视(高清)
2026-09-27 17:52:54 - INFO -   [30/101] 浙江卫视(高清)
2026-09-27 17:52:54 - INFO -   [31/101] 东方卫视(高清)
2026-09-27 17:52:54 - INFO -   [32/101] 深圳卫视(高清)
2026-09-27 17:52:54 - INFO -   [33/101] 北京卫视(高清)
2026-09-27 17:52:55 - INFO -   [34/101] 山东卫视(高清)
2026-09-27 17:52:55 - INFO -   [35/101] 天津卫视(高清)
2026-09-27 17:52:55 - INFO -   [36/101] 贵州卫视(高清)
2026-09-27 17:52:55 - INFO -   [37/101] 四川卫视(高清)
2026-09-27 17:52:55 - INFO -   [38/101] 云南卫视(高清)
2026-09-27 17:52:55 - INFO -   [39/101] 广西卫视
2026-09-27 17:52:55 - INFO -   [40/101] 黑龙江卫视(高清)
2026-09-27 17:52:55 - INFO -   [41/101] 安徽卫视(高清)
2026-09-27 17:52:56 - INFO -   [42/101] 山西卫视
2026-09-27 17:52:56 - INFO -   [43/101] 江西卫视(高清)
2026-09-27 17:52:56 - INFO -   [44/101] 湖北卫视(高清)
2026-09-27 17:52:56 - INFO -   [45/101] 海南卫视HD
2026-09-27 17:52:56 - INFO -   [46/101] 陕西卫视(高清)
2026-09-27 17:52:56 - INFO -   [47/101] 东南卫视(高清)
2026-09-27 17:52:56 - INFO -   [48/101] 吉林卫视
2026-09-27 17:52:56 - INFO -   [49/101] 辽宁卫视(高清)
2026-09-27 17:52:56 - INFO -   [50/101] 内蒙古卫视(高清)
2026-09-27 17:52:57 - INFO -   [51/101] 湖南卫视(高清)
2026-09-27 17:52:57 - INFO -   [52/101] 广东卫视(高清)
2026-09-27 17:52:57 - INFO -   [53/101] 河南卫视(高清)
2026-09-27 17:52:57 - INFO -   [54/101] 河北卫视(高清)
2026-09-27 17:52:57 - INFO -   [55/101] 宁夏卫视(高清)
2026-09-27 17:52:57 - INFO -   [56/101] 甘肃卫视(高清)
2026-09-27 17:52:57 - INFO -   [57/101] 卡酷少儿
2026-09-27 17:52:57 - INFO -   [58/101] 金鹰卡通
2026-09-27 17:52:57 - INFO -   [59/101] 嘉佳卡通
2026-09-27 17:52:58 - INFO -   [60/101] 青海卫视
2026-09-27 17:52:58 - INFO -   [61/101] 新疆卫视(高清)
2026-09-27 17:52:58 - INFO -   [62/101] 西藏卫视(高清)
2026-09-27 17:52:58 - INFO -   [63/101] 新疆兵团卫视(高清)
2026-09-27 17:52:58 - INFO -   [64/101] CGTN中国国际电视台
2026-09-27 17:52:58 - INFO -   [65/101] 快乐垂钓(高清)
2026-09-27 17:52:58 - INFO -   [66/101] 武术世界(高清)
2026-09-27 17:52:58 - INFO -   [67/101] 文物宝库(高清)
2026-09-27 17:52:58 - INFO -   [68/101] 书画
2026-09-27 17:52:59 - INFO -   [69/101] 梨园
2026-09-27 17:52:59 - INFO -   [70/101] CHC家庭影院(高清)
2026-09-27 17:52:59 - INFO -   [71/101] CHC动作电影(高清)
2026-09-27 17:52:59 - INFO -   [72/101] CHC影迷电影(高清)
2026-09-27 17:52:59 - INFO -   [73/101] 精彩影视(高清)
2026-09-27 17:52:59 - INFO -   [74/101] 求索(高清)
2026-09-27 17:52:59 - INFO -   [75/101] CETV1(高清)
2026-09-27 17:52:59 - INFO -   [76/101] 多彩文体HD
2026-09-27 17:52:59 - INFO -   [77/101] 都市剧场HD
2026-09-27 17:53:00 - INFO -   [78/101] 动漫秀场HD
2026-09-27 17:53:00 - INFO -   [79/101] 乐游HD
2026-09-27 17:53:00 - INFO -   [80/101] 法治天地HD
2026-09-27 17:53:00 - INFO -   [81/101] 金色频道HD
2026-09-27 17:53:00 - INFO -   [82/101] 东方财经HD
2026-09-27 17:53:00 - INFO -   [83/101] 游戏风云HD
2026-09-27 17:53:00 - INFO -   [84/101] 生活时尚HD
2026-09-27 17:53:00 - INFO -   [85/101] 风云音乐HD
2026-09-27 17:53:01 - INFO -   [86/101] 第一剧场HD
2026-09-27 17:53:01 - INFO -   [87/101] 世界地理HD
2026-09-27 17:53:01 - INFO -   [88/101] 女性时尚HD
2026-09-27 17:53:01 - INFO -   [89/101] 风云剧场HD
2026-09-27 17:53:01 - INFO -   [90/101] 风云足球HD
2026-09-27 17:53:01 - INFO -   [91/101] 怀旧剧场HD
2026-09-27 17:53:01 - INFO -   [92/101] 兵器科技HD
2026-09-27 17:53:01 - INFO -   [93/101] 央视台球HD
2026-09-27 17:53:01 - INFO -   [94/101] 电视指南HD
2026-09-27 17:53:02 - INFO -   [95/101] 高尔夫网球HD
2026-09-27 17:53:02 - INFO -   [96/101] 央视文化精品HD
2026-09-27 17:53:02 - INFO -   [97/101] 早期教育HD
2026-09-27 17:53:02 - INFO -   [98/101] 卫生健康HD
2026-09-27 17:53:02 - INFO -   [99/101] 重庆卫视频道
2026-09-27 17:53:02 - INFO -   [100/101] CETV4(高清)
2026-09-27 17:53:02 - INFO -   [101/101] 山东教育卫视(高清)
2026-09-27 17:53:02 - INFO - 处理图标 101 个
2026-09-27 17:58:21 - INFO - Web 启动: http://0.0.0.0:6000
2026-09-27 17:58:22 - INFO - 定时任务启动: 0 4 * * *
2026-09-27 17:58:39 - INFO - ============================================================
2026-09-27 17:58:39 - INFO - IPTV 采集开始
2026-09-27 17:58:39 - INFO - 使用配置中的 key: 02668400
2026-09-27 17:58:39 - INFO -   random: 99999
2026-09-27 17:58:39 - INFO -   token: 352587D543F900E842CF497968BA8CF0
2026-09-27 17:58:39 - INFO -   user_id: i5207379189@itv
2026-09-27 17:58:39 - INFO -   stb_id: 0010049900608930173628A6DB6FD29E
2026-09-27 17:58:39 - INFO -   ip: 173.45.20.200
2026-09-27 17:58:39 - INFO -   mac: 28:A6:DB:6F:D2:9E
2026-09-27 17:58:39 - INFO -   _: 
2026-09-27 17:58:39 - INFO -   isp: CTC
2026-09-27 17:58:39 - INFO - 认证 base: http://172.23.88.159:33200
2026-09-27 17:58:39 - INFO - 步骤1: 认证入口 (尝试 1/3)
2026-09-27 17:58:39 - INFO -   认证 URL: http://172.23.88.159:33200/EDS/jsp/AuthenticationURL?UserID=i5207379189@itv&Action=Login
2026-09-27 17:58:39 - INFO -   host: 172.23.88.159:33200
2026-09-27 17:58:39 - INFO - 步骤2: 登录
2026-09-27 17:58:39 - INFO -   EncryptToken: 13B04DF6F8CE08D3241A84E3C1F8D7BE
2026-09-27 17:58:39 - INFO -   userToken: 13B04DF6F8CE08D3241A84E3C1F8D7BE
2026-09-27 17:58:39 - INFO - 步骤3: 生成 Authenticator
2026-09-27 17:58:39 - INFO -   明文: 02668400$13B04DF6F8CE08D3241A84E3C1F8D7BE$i5207379189@itv$0010049900608930173628...
2026-09-27 17:58:39 - INFO -   密文: 815e1ff26c5789d8d0c157cfa6abfe81...
2026-09-27 17:58:39 - INFO - 步骤4: 鉴权
2026-09-27 17:58:39 - INFO -   ✅ isSucessed = true
2026-09-27 17:58:39 - INFO -   JSESSIONID: 05LSCLR74U37FSXBS6TWF3X0EIM7MAJ6
2026-09-27 17:58:39 - INFO -   Cookie: {'JSESSIONID': '05LSCLR74U37FSXBS6TWF3X0EIM7MAJ6'}
2026-09-27 17:58:39 - INFO -   UserToken: Mw60dMw60d3fOR8Ul5XJMkuA1QwLR7AI
2026-09-27 17:58:39 - INFO -   stbid: 990060
2026-09-27 17:58:39 - INFO - 认证成功: host=172.23.88.159:33200, JSESSIONID=05LSCLR74U37FSXBS6TWF3X0EIM7MAJ6
2026-09-27 17:58:39 - INFO - fetch 前 cookies: {'JSESSIONID': '05LSCLR74U37FSXBS6TWF3X0EIM7MAJ6'}
2026-09-27 17:58:39 - INFO - 拉取频道列表...
2026-09-27 17:58:39 - INFO - 频道列表响应长度: 42641
2026-09-27 17:58:39 - INFO - 频道列表响应前 200 字: [{"chanList":[{"timeShift":1,"hasSubscrib":1,"isTVOD":1,"channelName":"CCTV-1综合(高清)","channelType":1,"channelID":"1491","channelIndex":1},{"timeShift":1,"hasSubscrib":1,"isTVOD":1,"channelName":"CCTV-
2026-09-27 17:58:39 - INFO -   ✅ 解析成功: 6 栏目, 344 频道
2026-09-27 17:58:39 - INFO -   清洗了 33 个频道名
2026-09-27 17:58:39 - INFO -   扁平化后 151 个唯一频道
2026-09-27 17:58:39 - INFO - 扁平化 151
2026-09-27 17:58:39 - INFO - 过滤后 101
2026-09-27 17:58:39 - INFO - 拉取媒体编码映射...
2026-09-27 17:58:39 - INFO -   ✅ 媒体编码解析成功: 210 条
2026-09-27 17:58:39 - INFO - 解析 225 个频道地址
2026-09-27 17:58:39 - INFO - 采集节目单，101 频道
2026-09-27 17:58:39 - INFO -   [1/101] CCTV-1综合(高清)
2026-09-27 17:58:39 - INFO -   [2/101] CCTV-2财经(高清)
2026-09-27 17:58:39 - INFO -   [3/101] CCTV-3综艺(高清)
2026-09-27 17:58:39 - INFO -   [4/101] CCTV-4中文国际(高清)
2026-09-27 17:58:39 - INFO -   [5/101] CCTV-5体育(高清)
2026-09-27 17:58:39 - INFO -   [6/101] CCTV-5＋体育赛事(高清)
2026-09-27 17:58:40 - INFO -   [7/101] CCTV-6电影(高清)
2026-09-27 17:58:40 - INFO -   [8/101] CCTV-7国防军事(高清)
2026-09-27 17:58:40 - INFO -   [9/101] CCTV-8电视剧(高清)
2026-09-27 17:58:40 - INFO -   [10/101] CCTV-9纪录(高清)
2026-09-27 17:58:40 - INFO -   [11/101] CCTV-10科教(高清)
2026-09-27 17:58:40 - INFO -   [12/101] CCTV-11戏曲(高清)
2026-09-27 17:58:40 - INFO -   [13/101] CCTV-12社会与法(高清)
2026-09-27 17:58:40 - INFO -   [14/101] CCTV-13新闻(高清)
2026-09-27 17:58:41 - INFO -   [15/101] CCTV-少儿(高清)
2026-09-27 17:58:41 - INFO -   [16/101] CCTV-15音乐(高清)
2026-09-27 17:58:41 - INFO -   [17/101] CCTV-17农业农村(高清)
2026-09-27 17:58:41 - INFO -   [18/101] 重庆卫视(高清)
2026-09-27 17:58:41 - INFO -   [19/101] CQTV新闻(高清)
2026-09-27 17:58:41 - INFO -   [20/101] CQTV影视剧(高清)
2026-09-27 17:58:41 - INFO -   [21/101] CQTV社会与法(高清)
2026-09-27 17:58:41 - INFO -   [22/101] CQTV红岩文化(高清)
2026-09-27 17:58:41 - INFO -   [23/101] CQTV娱乐(高清)
2026-09-27 17:58:42 - INFO -   [24/101] CQTV新农村(高清)
2026-09-27 17:58:42 - INFO -   [25/101] CQTV少儿(高清)
2026-09-27 17:58:42 - INFO -   [26/101] CQTV红叶(高清)
2026-09-27 17:58:42 - INFO -   [27/101] CQTV汽摩(高清)
2026-09-27 17:58:42 - INFO -   [28/101] CQTV移动(高清)
2026-09-27 17:58:42 - INFO -   [29/101] 江苏卫视(高清)
2026-09-27 17:58:42 - INFO -   [30/101] 浙江卫视(高清)
2026-09-27 17:58:42 - INFO -   [31/101] 东方卫视(高清)
2026-09-27 17:58:42 - INFO -   [32/101] 深圳卫视(高清)
2026-09-27 17:58:43 - INFO -   [33/101] 北京卫视(高清)
2026-09-27 17:58:43 - INFO -   [34/101] 山东卫视(高清)
2026-09-27 17:58:43 - INFO -   [35/101] 天津卫视(高清)
2026-09-27 17:58:43 - INFO -   [36/101] 贵州卫视(高清)
2026-09-27 17:58:43 - INFO -   [37/101] 四川卫视(高清)
2026-09-27 17:58:43 - INFO -   [38/101] 云南卫视(高清)
2026-09-27 17:58:43 - INFO -   [39/101] 广西卫视
2026-09-27 17:58:43 - INFO -   [40/101] 黑龙江卫视(高清)
2026-09-27 17:58:43 - INFO -   [41/101] 安徽卫视(高清)
2026-09-27 17:58:44 - INFO -   [42/101] 山西卫视
2026-09-27 17:58:44 - INFO -   [43/101] 江西卫视(高清)
2026-09-27 17:58:44 - INFO -   [44/101] 湖北卫视(高清)
2026-09-27 17:58:44 - INFO -   [45/101] 海南卫视HD
2026-09-27 17:58:44 - INFO -   [46/101] 陕西卫视(高清)
2026-09-27 17:58:44 - INFO -   [47/101] 东南卫视(高清)
2026-09-27 17:58:44 - INFO -   [48/101] 吉林卫视
2026-09-27 17:58:44 - INFO -   [49/101] 辽宁卫视(高清)
2026-09-27 17:58:45 - INFO -   [50/101] 内蒙古卫视(高清)
2026-09-27 17:58:45 - INFO -   [51/101] 湖南卫视(高清)
2026-09-27 17:58:45 - INFO -   [52/101] 广东卫视(高清)
2026-09-27 17:58:45 - INFO -   [53/101] 河南卫视(高清)
2026-09-27 17:58:45 - INFO -   [54/101] 河北卫视(高清)
2026-09-27 17:58:45 - INFO -   [55/101] 宁夏卫视(高清)
2026-09-27 17:58:45 - INFO -   [56/101] 甘肃卫视(高清)
2026-09-27 17:58:45 - INFO -   [57/101] 卡酷少儿
2026-09-27 17:58:45 - INFO -   [58/101] 金鹰卡通
2026-09-27 17:58:46 - INFO -   [59/101] 嘉佳卡通
2026-09-27 17:58:46 - INFO -   [60/101] 青海卫视
2026-09-27 17:58:46 - INFO -   [61/101] 新疆卫视(高清)
2026-09-27 17:58:46 - INFO -   [62/101] 西藏卫视(高清)
2026-09-27 17:58:46 - INFO -   [63/101] 新疆兵团卫视(高清)
2026-09-27 17:58:46 - INFO -   [64/101] CGTN中国国际电视台
2026-09-27 17:58:46 - INFO -   [65/101] 快乐垂钓(高清)
2026-09-27 17:58:46 - INFO -   [66/101] 武术世界(高清)
2026-09-27 17:58:46 - INFO -   [67/101] 文物宝库(高清)
2026-09-27 17:58:47 - INFO -   [68/101] 书画
2026-09-27 17:58:47 - INFO -   [69/101] 梨园
2026-09-27 17:58:47 - INFO -   [70/101] CHC家庭影院(高清)
2026-09-27 17:58:47 - INFO -   [71/101] CHC动作电影(高清)
2026-09-27 17:58:47 - INFO -   [72/101] CHC影迷电影(高清)
2026-09-27 17:58:47 - INFO -   [73/101] 精彩影视(高清)
2026-09-27 17:58:47 - INFO -   [74/101] 求索(高清)
2026-09-27 17:58:47 - INFO -   [75/101] CETV1(高清)
2026-09-27 17:58:48 - INFO -   [76/101] 多彩文体HD
2026-09-27 17:58:48 - INFO -   [77/101] 都市剧场HD
2026-09-27 17:58:48 - INFO -   [78/101] 动漫秀场HD
2026-09-27 17:58:48 - INFO -   [79/101] 乐游HD
2026-09-27 17:58:48 - INFO -   [80/101] 法治天地HD
2026-09-27 17:58:48 - INFO -   [81/101] 金色频道HD
2026-09-27 17:58:48 - INFO -   [82/101] 东方财经HD
2026-09-27 17:58:48 - INFO -   [83/101] 游戏风云HD
2026-09-27 17:58:48 - INFO -   [84/101] 生活时尚HD
2026-09-27 17:58:49 - INFO -   [85/101] 风云音乐HD
2026-09-27 17:58:49 - INFO -   [86/101] 第一剧场HD
2026-09-27 17:58:49 - INFO -   [87/101] 世界地理HD
2026-09-27 17:58:49 - INFO -   [88/101] 女性时尚HD
2026-09-27 17:58:49 - INFO -   [89/101] 风云剧场HD
2026-09-27 17:58:49 - INFO -   [90/101] 风云足球HD
2026-09-27 17:58:49 - INFO -   [91/101] 怀旧剧场HD
2026-09-27 17:58:49 - INFO -   [92/101] 兵器科技HD
2026-09-27 17:58:49 - INFO -   [93/101] 央视台球HD
2026-09-27 17:58:50 - INFO -   [94/101] 电视指南HD
2026-09-27 17:58:50 - INFO -   [95/101] 高尔夫网球HD
2026-09-27 17:58:50 - INFO -   [96/101] 央视文化精品HD
2026-09-27 17:58:50 - INFO -   [97/101] 早期教育HD
2026-09-27 17:58:50 - INFO -   [98/101] 卫生健康HD
2026-09-27 17:58:50 - INFO -   [99/101] 重庆卫视频道
2026-09-27 17:58:50 - INFO -   [100/101] CETV4(高清)
2026-09-27 17:58:50 - INFO -   [101/101] 山东教育卫视(高清)
2026-09-27 17:58:50 - INFO - 处理图标 101 个
2026-09-27 18:13:35 - INFO - Web 启动: http://0.0.0.0:6000
2026-09-27 18:13:36 - INFO - 定时任务启动: 0 4 * * *
2026-09-27 18:13:43 - INFO - ============================================================
2026-09-27 18:13:43 - INFO - IPTV 采集开始
2026-09-27 18:13:43 - INFO - 使用配置中的 key: 02668400
2026-09-27 18:13:43 - INFO -   random: 99999
2026-09-27 18:13:43 - INFO -   token: 352587D543F900E842CF497968BA8CF0
2026-09-27 18:13:43 - INFO -   user_id: i5207379189@itv
2026-09-27 18:13:43 - INFO -   stb_id: 0010049900608930173628A6DB6FD29E
2026-09-27 18:13:43 - INFO -   ip: 173.45.20.200
2026-09-27 18:13:43 - INFO -   mac: 28:A6:DB:6F:D2:9E
2026-09-27 18:13:43 - INFO -   _: 
2026-09-27 18:13:43 - INFO -   isp: CTC
2026-09-27 18:13:43 - INFO - 认证 base: http://172.23.88.159:33200
2026-09-27 18:13:43 - INFO - 步骤1: 认证入口 (尝试 1/3)
2026-09-27 18:13:43 - INFO -   认证 URL: http://172.23.88.159:33200/EDS/jsp/AuthenticationURL?UserID=i5207379189@itv&Action=Login
2026-09-27 18:13:43 - INFO -   host: 172.23.88.159:33200
2026-09-27 18:13:43 - INFO - 步骤2: 登录
2026-09-27 18:13:43 - INFO -   EncryptToken: B5B5A6BED0850444AE9722A283134846
2026-09-27 18:13:43 - INFO -   userToken: B5B5A6BED0850444AE9722A283134846
2026-09-27 18:13:43 - INFO - 步骤3: 生成 Authenticator
2026-09-27 18:13:43 - INFO -   明文: 02668400$B5B5A6BED0850444AE9722A283134846$i5207379189@itv$0010049900608930173628...
2026-09-27 18:13:43 - INFO -   密文: 815e1ff26c5789d81ee7ba9f32e08db1...
2026-09-27 18:13:43 - INFO - 步骤4: 鉴权
2026-09-27 18:13:43 - INFO -   ✅ isSucessed = true
2026-09-27 18:13:43 - INFO -   JSESSIONID: 05LSDAV5FULPRI5NMYVFZXUBX9UXY4YD
2026-09-27 18:13:43 - INFO -   Cookie: {'JSESSIONID': '05LSDAV5FULPRI5NMYVFZXUBX9UXY4YD'}
2026-09-27 18:13:43 - INFO -   UserToken: Mw6FDMw6FD2nOl9k2EHwVx8ufOn3hpMz
2026-09-27 18:13:43 - INFO -   stbid: 990060
2026-09-27 18:13:43 - INFO - 认证成功: host=172.23.88.159:33200, JSESSIONID=05LSDAV5FULPRI5NMYVFZXUBX9UXY4YD
2026-09-27 18:13:43 - INFO - fetch 前 cookies: {'JSESSIONID': '05LSDAV5FULPRI5NMYVFZXUBX9UXY4YD'}
2026-09-27 18:13:43 - INFO - 拉取频道列表...
2026-09-27 18:13:43 - INFO - 频道列表响应长度: 42641
2026-09-27 18:13:43 - INFO - 频道列表响应前 200 字: [{"chanList":[{"timeShift":1,"hasSubscrib":1,"isTVOD":1,"channelName":"CCTV-1综合(高清)","channelType":1,"channelID":"1491","channelIndex":1},{"timeShift":1,"hasSubscrib":1,"isTVOD":1,"channelName":"CCTV-
2026-09-27 18:13:43 - INFO -   ✅ 解析成功: 6 栏目, 344 频道
2026-09-27 18:13:43 - INFO -   清洗了 33 个频道名
2026-09-27 18:13:43 - INFO -   扁平化后 151 个唯一频道
2026-09-27 18:13:43 - INFO - 扁平化 151
2026-09-27 18:13:43 - INFO - 过滤后 101
2026-09-27 18:13:43 - INFO - 拉取媒体编码映射...
2026-09-27 18:13:43 - INFO -   ✅ 媒体编码解析成功: 210 条
2026-09-27 18:13:43 - INFO - 解析 225 个频道地址
2026-09-27 18:13:43 - INFO - 采集节目单，101 频道
2026-09-27 18:13:43 - INFO -   [1/101] CCTV-1综合(高清)
2026-09-27 18:13:43 - INFO -   [2/101] CCTV-2财经(高清)
2026-09-27 18:13:43 - INFO -   [3/101] CCTV-3综艺(高清)
2026-09-27 18:13:43 - INFO -   [4/101] CCTV-4中文国际(高清)
2026-09-27 18:13:43 - INFO -   [5/101] CCTV-5体育(高清)
2026-09-27 18:13:43 - INFO -   [6/101] CCTV-5＋体育赛事(高清)
2026-09-27 18:13:44 - INFO -   [7/101] CCTV-6电影(高清)
2026-09-27 18:13:44 - INFO -   [8/101] CCTV-7国防军事(高清)
2026-09-27 18:13:44 - INFO -   [9/101] CCTV-8电视剧(高清)
2026-09-27 18:13:44 - INFO -   [10/101] CCTV-9纪录(高清)
2026-09-27 18:13:44 - INFO -   [11/101] CCTV-10科教(高清)
2026-09-27 18:13:44 - INFO -   [12/101] CCTV-11戏曲(高清)
2026-09-27 18:13:44 - INFO -   [13/101] CCTV-12社会与法(高清)
2026-09-27 18:13:44 - INFO -   [14/101] CCTV-13新闻(高清)
2026-09-27 18:13:44 - INFO -   [15/101] CCTV-少儿(高清)
2026-09-27 18:13:45 - INFO -   [16/101] CCTV-15音乐(高清)
2026-09-27 18:13:45 - INFO -   [17/101] CCTV-17农业农村(高清)
2026-09-27 18:13:45 - INFO -   [18/101] 重庆卫视(高清)
2026-09-27 18:13:45 - INFO -   [19/101] CQTV新闻(高清)
2026-09-27 18:13:45 - INFO -   [20/101] CQTV影视剧(高清)
2026-09-27 18:13:45 - INFO -   [21/101] CQTV社会与法(高清)
2026-09-27 18:13:45 - INFO -   [22/101] CQTV红岩文化(高清)
2026-09-27 18:13:45 - INFO -   [23/101] CQTV娱乐(高清)
2026-09-27 18:13:46 - INFO -   [24/101] CQTV新农村(高清)
2026-09-27 18:13:46 - INFO -   [25/101] CQTV少儿(高清)
2026-09-27 18:13:46 - INFO -   [26/101] CQTV红叶(高清)
2026-09-27 18:13:46 - INFO -   [27/101] CQTV汽摩(高清)
2026-09-27 18:13:46 - INFO -   [28/101] CQTV移动(高清)
2026-09-27 18:13:46 - INFO -   [29/101] 江苏卫视(高清)
2026-09-27 18:13:46 - INFO -   [30/101] 浙江卫视(高清)
2026-09-27 18:13:46 - INFO -   [31/101] 东方卫视(高清)
2026-09-27 18:13:46 - INFO -   [32/101] 深圳卫视(高清)
2026-09-27 18:13:47 - INFO -   [33/101] 北京卫视(高清)
2026-09-27 18:13:47 - INFO -   [34/101] 山东卫视(高清)
2026-09-27 18:13:47 - INFO -   [35/101] 天津卫视(高清)
2026-09-27 18:13:47 - INFO -   [36/101] 贵州卫视(高清)
2026-09-27 18:13:47 - INFO -   [37/101] 四川卫视(高清)
2026-09-27 18:13:47 - INFO -   [38/101] 云南卫视(高清)
2026-09-27 18:13:47 - INFO -   [39/101] 广西卫视
2026-09-27 18:13:47 - INFO -   [40/101] 黑龙江卫视(高清)
2026-09-27 18:13:47 - INFO -   [41/101] 安徽卫视(高清)
2026-09-27 18:13:48 - INFO -   [42/101] 山西卫视
2026-09-27 18:13:48 - INFO -   [43/101] 江西卫视(高清)
2026-09-27 18:13:48 - INFO -   [44/101] 湖北卫视(高清)
2026-09-27 18:13:48 - INFO -   [45/101] 海南卫视HD
2026-09-27 18:13:48 - INFO -   [46/101] 陕西卫视(高清)
2026-09-27 18:13:48 - INFO -   [47/101] 东南卫视(高清)
2026-09-27 18:13:48 - INFO -   [48/101] 吉林卫视
2026-09-27 18:13:48 - INFO -   [49/101] 辽宁卫视(高清)
2026-09-27 18:13:48 - INFO -   [50/101] 内蒙古卫视(高清)
2026-09-27 18:13:49 - INFO -   [51/101] 湖南卫视(高清)
2026-09-27 18:13:49 - INFO -   [52/101] 广东卫视(高清)
2026-09-27 18:13:49 - INFO -   [53/101] 河南卫视(高清)
2026-09-27 18:13:49 - INFO -   [54/101] 河北卫视(高清)
2026-09-27 18:13:49 - INFO -   [55/101] 宁夏卫视(高清)
2026-09-27 18:13:49 - INFO -   [56/101] 甘肃卫视(高清)
2026-09-27 18:13:49 - INFO -   [57/101] 卡酷少儿
2026-09-27 18:13:49 - INFO -   [58/101] 金鹰卡通
2026-09-27 18:13:50 - INFO -   [59/101] 嘉佳卡通
2026-09-27 18:13:50 - INFO -   [60/101] 青海卫视
2026-09-27 18:13:50 - INFO -   [61/101] 新疆卫视(高清)
2026-09-27 18:13:50 - INFO -   [62/101] 西藏卫视(高清)
2026-09-27 18:13:50 - INFO -   [63/101] 新疆兵团卫视(高清)
2026-09-27 18:13:50 - INFO -   [64/101] CGTN中国国际电视台
2026-09-27 18:13:50 - INFO -   [65/101] 快乐垂钓(高清)
2026-09-27 18:13:50 - INFO -   [66/101] 武术世界(高清)
2026-09-27 18:13:50 - INFO -   [67/101] 文物宝库(高清)
2026-09-27 18:13:51 - INFO -   [68/101] 书画
2026-09-27 18:13:51 - INFO -   [69/101] 梨园
2026-09-27 18:13:51 - INFO -   [70/101] CHC家庭影院(高清)
2026-09-27 18:13:51 - INFO -   [71/101] CHC动作电影(高清)
2026-09-27 18:13:51 - INFO -   [72/101] CHC影迷电影(高清)
2026-09-27 18:13:51 - INFO -   [73/101] 精彩影视(高清)
2026-09-27 18:13:51 - INFO -   [74/101] 求索(高清)
2026-09-27 18:13:51 - INFO -   [75/101] CETV1(高清)
2026-09-27 18:13:51 - INFO -   [76/101] 多彩文体HD
2026-09-27 18:13:52 - INFO -   [77/101] 都市剧场HD
2026-09-27 18:13:52 - INFO -   [78/101] 动漫秀场HD
2026-09-27 18:13:52 - INFO -   [79/101] 乐游HD
2026-09-27 18:13:52 - INFO -   [80/101] 法治天地HD
2026-09-27 18:13:52 - INFO -   [81/101] 金色频道HD
2026-09-27 18:13:52 - INFO -   [82/101] 东方财经HD
2026-09-27 18:13:52 - INFO -   [83/101] 游戏风云HD
2026-09-27 18:13:52 - INFO -   [84/101] 生活时尚HD
2026-09-27 18:13:53 - INFO -   [85/101] 风云音乐HD
2026-09-27 18:13:53 - INFO -   [86/101] 第一剧场HD
2026-09-27 18:13:53 - INFO -   [87/101] 世界地理HD
2026-09-27 18:13:53 - INFO -   [88/101] 女性时尚HD
2026-09-27 18:13:53 - INFO -   [89/101] 风云剧场HD
2026-09-27 18:13:53 - INFO -   [90/101] 风云足球HD
2026-09-27 18:13:53 - INFO -   [91/101] 怀旧剧场HD
2026-09-27 18:13:53 - INFO -   [92/101] 兵器科技HD
2026-09-27 18:13:53 - INFO -   [93/101] 央视台球HD
2026-09-27 18:13:54 - INFO -   [94/101] 电视指南HD
2026-09-27 18:13:54 - INFO -   [95/101] 高尔夫网球HD
2026-09-27 18:13:54 - INFO -   [96/101] 央视文化精品HD
2026-09-27 18:13:54 - INFO -   [97/101] 早期教育HD
2026-09-27 18:13:54 - INFO -   [98/101] 卫生健康HD
2026-09-27 18:13:54 - INFO -   [99/101] 重庆卫视频道
2026-09-27 18:13:54 - INFO -   [100/101] CETV4(高清)
2026-09-27 18:13:54 - INFO -   [101/101] 山东教育卫视(高清)
2026-09-27 18:13:54 - INFO - 处理图标 101 个（源: gh-proxy.com）
2026-09-27 18:13:54 - INFO -   [1/101] CCTV-1综合(高清)
2026-09-27 18:13:54 - INFO -   [10/101] CCTV-9纪录(高清)
2026-09-27 18:13:54 - INFO -   [20/101] CQTV影视剧(高清)
2026-09-27 18:13:54 - INFO -   [30/101] 浙江卫视(高清)
2026-09-27 18:13:54 - INFO -   [40/101] 黑龙江卫视(高清)
2026-09-27 18:13:54 - INFO -   [50/101] 内蒙古卫视(高清)
2026-09-27 18:13:54 - INFO -   [60/101] 青海卫视
2026-09-27 18:13:55 - INFO -   下载: 武术世界(高清) → 武术世界.png
2026-09-27 18:13:56 - INFO -   下载: 文物宝库(高清) → 文物宝库.png
2026-09-27 18:14:11 - INFO -   下载: 书画 → 书画.png
2026-09-27 18:14:28 - INFO -   [70/101] CHC家庭影院(高清)
2026-09-27 18:14:28 - INFO -   下载: CHC家庭影院(高清) → CHC家庭影院.png
2026-09-27 18:14:59 - INFO -   下载: CHC动作电影(高清) → CHC动作电影.png
2026-09-27 18:15:00 - INFO -   下载: CHC影迷电影(高清) → CHC影迷电影.png
2026-09-27 18:15:48 - INFO -   下载: CETV1(高清) → CETV1.png
2026-09-27 18:16:20 - INFO -   下载: 都市剧场HD → 都市剧场.png
2026-09-27 18:16:21 - INFO -   下载: 动漫秀场HD → 动漫秀场.png
2026-09-27 18:16:21 - INFO -   下载: 乐游HD → 乐游.png
2026-09-27 18:16:21 - INFO -   [80/101] 法治天地HD
2026-09-27 18:16:52 - INFO -   下载: 法治天地HD → 法治天地.png
2026-09-27 18:16:54 - INFO -   下载: 东方财经HD → 东方财经.png
2026-09-27 18:17:25 - INFO -   下载: 游戏风云HD → 游戏风云.png
2026-09-27 18:17:41 - INFO -   下载: 生活时尚HD → 生活时尚.png
2026-09-27 18:17:41 - INFO -   下载: 风云音乐HD → 风云音乐.png
2026-09-27 18:17:57 - INFO -   下载: 第一剧场HD → 第一剧场.png
2026-09-27 18:18:28 - INFO -   下载: 世界地理HD → 世界地理.png
2026-09-27 18:18:29 - INFO -   下载: 女性时尚HD → 女性时尚.png
2026-09-27 18:18:29 - INFO -   下载: 风云剧场HD → 风云剧场.png
2026-09-27 18:18:29 - INFO -   [90/101] 风云足球HD
2026-09-27 18:18:45 - INFO -   下载: 风云足球HD → 风云足球.png
2026-09-27 18:19:01 - INFO -   下载: 怀旧剧场HD → 怀旧剧场.png
2026-09-27 18:19:01 - INFO -   下载: 兵器科技HD → 兵器科技.png
2026-09-27 18:19:02 - INFO -   下载: 央视台球HD → 央视台球.png
2026-09-27 18:19:02 - INFO -   下载: 电视指南HD → 电视指南.png
2026-09-27 18:19:33 - INFO -   下载: 高尔夫网球HD → 高尔夫网球.png
2026-09-27 18:19:50 - INFO -   下载: 早期教育HD → 早期教育.png
2026-09-27 18:20:20 - INFO -   下载: 卫生健康HD → 卫生健康.png
2026-09-27 18:20:21 - INFO -   下载: 重庆卫视频道 → 重庆卫视.png
2026-09-27 18:20:21 - INFO -   [100/101] CETV4(高清)
2026-09-27 18:20:22 - INFO -   下载: CETV4(高清) → CETV4.png
2026-09-27 18:20:22 - INFO -   [101/101] 山东教育卫视(高清)
2026-09-27 18:20:53 - INFO - 图标完成: 下载 29, 跳过 65, 失败 7, 占位 7
2026-09-27 18:20:53 - INFO - 保存: output/channels.json
2026-09-27 18:20:53 - INFO - 保存: output/epg.json
2026-09-27 18:20:53 - INFO - 保存: output/iptv_full.json
2026-09-27 18:20:53 - ERROR - 采集失败: 'NoneType' object is not iterable
2026-09-27 18:21:54 - INFO - ============================================================
2026-09-27 18:21:54 - INFO - IPTV 采集开始
2026-09-27 18:21:54 - INFO - 使用配置中的 key: 02668400
2026-09-27 18:21:54 - INFO -   random: 99999
2026-09-27 18:21:54 - INFO -   token: 352587D543F900E842CF497968BA8CF0
2026-09-27 18:21:54 - INFO -   user_id: i5207379189@itv
2026-09-27 18:21:54 - INFO -   stb_id: 0010049900608930173628A6DB6FD29E
2026-09-27 18:21:54 - INFO -   ip: 173.45.20.200
2026-09-27 18:21:54 - INFO -   mac: 28:A6:DB:6F:D2:9E
2026-09-27 18:21:54 - INFO -   _: 
2026-09-27 18:21:54 - INFO -   isp: CTC
2026-09-27 18:21:54 - INFO - 认证 base: http://172.23.88.159:33200
2026-09-27 18:21:54 - INFO - 步骤1: 认证入口 (尝试 1/3)
2026-09-27 18:21:54 - INFO -   认证 URL: http://172.23.88.159:33200/EDS/jsp/AuthenticationURL?UserID=i5207379189@itv&Action=Login
2026-09-27 18:21:54 - INFO -   host: 172.23.88.159:33200
2026-09-27 18:21:54 - INFO - 步骤2: 登录
2026-09-27 18:21:54 - INFO -   EncryptToken: AAC4872B135BD953AC2E4604ABA11F25
2026-09-27 18:21:54 - INFO -   userToken: AAC4872B135BD953AC2E4604ABA11F25
2026-09-27 18:21:54 - INFO - 步骤3: 生成 Authenticator
2026-09-27 18:21:54 - INFO -   明文: 02668400$AAC4872B135BD953AC2E4604ABA11F25$i5207379189@itv$0010049900608930173628...
2026-09-27 18:21:54 - INFO -   密文: 815e1ff26c5789d8074d6ff0818651e0...
2026-09-27 18:21:54 - INFO - 步骤4: 鉴权
2026-09-27 18:21:54 - INFO -   ✅ isSucessed = true
2026-09-27 18:21:54 - INFO -   JSESSIONID: 05LSDOIAZH2H2YXRZS02IJ6J33WS9811
2026-09-27 18:21:54 - INFO -   Cookie: {'JSESSIONID': '05LSDOIAZH2H2YXRZS02IJ6J33WS9811'}
2026-09-27 18:21:54 - INFO -   UserToken: Mw6N8Mw6N85e8gPXpEMECJDIBL43amO5
2026-09-27 18:21:54 - INFO -   stbid: 990060
2026-09-27 18:21:54 - INFO - 认证成功: host=172.23.88.159:33200, JSESSIONID=05LSDOIAZH2H2YXRZS02IJ6J33WS9811
2026-09-27 18:21:54 - INFO - fetch 前 cookies: {'JSESSIONID': '05LSDOIAZH2H2YXRZS02IJ6J33WS9811'}
2026-09-27 18:21:54 - INFO - 拉取频道列表...
2026-09-27 18:21:54 - INFO - 频道列表响应长度: 42641
2026-09-27 18:21:54 - INFO - 频道列表响应前 200 字: [{"chanList":[{"timeShift":1,"hasSubscrib":1,"isTVOD":1,"channelName":"CCTV-1综合(高清)","channelType":1,"channelID":"1491","channelIndex":1},{"timeShift":1,"hasSubscrib":1,"isTVOD":1,"channelName":"CCTV-
2026-09-27 18:21:54 - INFO -   ✅ 解析成功: 6 栏目, 344 频道
2026-09-27 18:21:54 - INFO -   清洗了 33 个频道名
2026-09-27 18:21:54 - INFO -   扁平化后 151 个唯一频道
2026-09-27 18:21:54 - INFO - 扁平化 151
2026-09-27 18:21:54 - INFO - 过滤后 101
2026-09-27 18:21:54 - INFO - 拉取媒体编码映射...
2026-09-27 18:21:54 - INFO -   ✅ 媒体编码解析成功: 210 条
2026-09-27 18:21:54 - INFO - 解析 225 个频道地址
2026-09-27 18:21:54 - INFO - 采集节目单，101 频道
2026-09-27 18:21:54 - INFO -   [1/101] CCTV-1综合(高清)
2026-09-27 18:21:54 - INFO -   [2/101] CCTV-2财经(高清)
2026-09-27 18:21:54 - INFO -   [3/101] CCTV-3综艺(高清)
2026-09-27 18:21:54 - INFO -   [4/101] CCTV-4中文国际(高清)
2026-09-27 18:21:54 - INFO -   [5/101] CCTV-5体育(高清)
2026-09-27 18:21:54 - INFO -   [6/101] CCTV-5＋体育赛事(高清)
2026-09-27 18:21:54 - INFO -   [7/101] CCTV-6电影(高清)
2026-09-27 18:21:55 - INFO -   [8/101] CCTV-7国防军事(高清)
2026-09-27 18:21:55 - INFO -   [9/101] CCTV-8电视剧(高清)
2026-09-27 18:21:55 - INFO -   [10/101] CCTV-9纪录(高清)
2026-09-27 18:21:55 - INFO -   [11/101] CCTV-10科教(高清)
2026-09-27 18:21:55 - INFO -   [12/101] CCTV-11戏曲(高清)
2026-09-27 18:21:55 - INFO -   [13/101] CCTV-12社会与法(高清)
2026-09-27 18:21:55 - INFO -   [14/101] CCTV-13新闻(高清)
2026-09-27 18:21:55 - INFO -   [15/101] CCTV-少儿(高清)
2026-09-27 18:21:56 - INFO -   [16/101] CCTV-15音乐(高清)
2026-09-27 18:21:56 - INFO -   [17/101] CCTV-17农业农村(高清)
2026-09-27 18:21:56 - INFO -   [18/101] 重庆卫视(高清)
2026-09-27 18:21:56 - INFO -   [19/101] CQTV新闻(高清)
2026-09-27 18:21:56 - INFO -   [20/101] CQTV影视剧(高清)
2026-09-27 18:21:56 - INFO -   [21/101] CQTV社会与法(高清)
2026-09-27 18:21:56 - INFO -   [22/101] CQTV红岩文化(高清)
2026-09-27 18:21:56 - INFO -   [23/101] CQTV娱乐(高清)
2026-09-27 18:21:56 - INFO -   [24/101] CQTV新农村(高清)
2026-09-27 18:21:57 - INFO -   [25/101] CQTV少儿(高清)
2026-09-27 18:21:57 - INFO -   [26/101] CQTV红叶(高清)
2026-09-27 18:21:57 - INFO -   [27/101] CQTV汽摩(高清)
2026-09-27 18:21:57 - INFO -   [28/101] CQTV移动(高清)
2026-09-27 18:21:57 - INFO -   [29/101] 江苏卫视(高清)
2026-09-27 18:21:57 - INFO -   [30/101] 浙江卫视(高清)
2026-09-27 18:21:57 - INFO -   [31/101] 东方卫视(高清)
2026-09-27 18:21:57 - INFO -   [32/101] 深圳卫视(高清)
2026-09-27 18:21:58 - INFO -   [33/101] 北京卫视(高清)
2026-09-27 18:21:58 - INFO -   [34/101] 山东卫视(高清)
2026-09-27 18:21:58 - INFO -   [35/101] 天津卫视(高清)
2026-09-27 18:21:58 - INFO -   [36/101] 贵州卫视(高清)
2026-09-27 18:21:58 - INFO -   [37/101] 四川卫视(高清)
2026-09-27 18:21:58 - INFO -   [38/101] 云南卫视(高清)
2026-09-27 18:21:58 - INFO -   [39/101] 广西卫视
2026-09-27 18:21:58 - INFO -   [40/101] 黑龙江卫视(高清)
2026-09-27 18:21:58 - INFO -   [41/101] 安徽卫视(高清)
2026-09-27 18:21:59 - INFO -   [42/101] 山西卫视
2026-09-27 18:21:59 - INFO -   [43/101] 江西卫视(高清)
2026-09-27 18:21:59 - INFO -   [44/101] 湖北卫视(高清)
2026-09-27 18:21:59 - INFO -   [45/101] 海南卫视HD
2026-09-27 18:21:59 - INFO -   [46/101] 陕西卫视(高清)
2026-09-27 18:21:59 - INFO -   [47/101] 东南卫视(高清)
2026-09-27 18:21:59 - INFO -   [48/101] 吉林卫视
2026-09-27 18:21:59 - INFO -   [49/101] 辽宁卫视(高清)
2026-09-27 18:22:00 - INFO -   [50/101] 内蒙古卫视(高清)
2026-09-27 18:22:00 - INFO -   [51/101] 湖南卫视(高清)
2026-09-27 18:22:00 - INFO -   [52/101] 广东卫视(高清)
2026-09-27 18:22:00 - INFO -   [53/101] 河南卫视(高清)
2026-09-27 18:22:00 - INFO -   [54/101] 河北卫视(高清)
2026-09-27 18:22:00 - INFO -   [55/101] 宁夏卫视(高清)
2026-09-27 18:22:00 - INFO -   [56/101] 甘肃卫视(高清)
2026-09-27 18:22:00 - INFO -   [57/101] 卡酷少儿
2026-09-27 18:22:00 - INFO -   [58/101] 金鹰卡通
2026-09-27 18:22:01 - INFO -   [59/101] 嘉佳卡通
2026-09-27 18:22:01 - INFO -   [60/101] 青海卫视
2026-09-27 18:22:01 - INFO -   [61/101] 新疆卫视(高清)
2026-09-27 18:22:01 - INFO -   [62/101] 西藏卫视(高清)
2026-09-27 18:22:01 - INFO -   [63/101] 新疆兵团卫视(高清)
2026-09-27 18:22:01 - INFO -   [64/101] CGTN中国国际电视台
2026-09-27 18:22:01 - INFO -   [65/101] 快乐垂钓(高清)
2026-09-27 18:22:01 - INFO -   [66/101] 武术世界(高清)
2026-09-27 18:22:02 - INFO -   [67/101] 文物宝库(高清)
2026-09-27 18:22:02 - INFO -   [68/101] 书画
2026-09-27 18:22:02 - INFO -   [69/101] 梨园
2026-09-27 18:22:02 - INFO -   [70/101] CHC家庭影院(高清)
2026-09-27 18:22:02 - INFO -   [71/101] CHC动作电影(高清)
2026-09-27 18:22:02 - INFO -   [72/101] CHC影迷电影(高清)
2026-09-27 18:22:02 - INFO -   [73/101] 精彩影视(高清)
2026-09-27 18:22:02 - INFO -   [74/101] 求索(高清)
2026-09-27 18:22:02 - INFO -   [75/101] CETV1(高清)
2026-09-27 18:22:03 - INFO -   [76/101] 多彩文体HD
2026-09-27 18:22:03 - INFO -   [77/101] 都市剧场HD
2026-09-27 18:22:03 - INFO -   [78/101] 动漫秀场HD
2026-09-27 18:22:03 - INFO -   [79/101] 乐游HD
2026-09-27 18:22:03 - INFO -   [80/101] 法治天地HD
2026-09-27 18:22:03 - INFO -   [81/101] 金色频道HD
2026-09-27 18:22:03 - INFO -   [82/101] 东方财经HD
2026-09-27 18:22:03 - INFO -   [83/101] 游戏风云HD
2026-09-27 18:22:04 - INFO -   [84/101] 生活时尚HD
2026-09-27 18:22:04 - INFO -   [85/101] 风云音乐HD
2026-09-27 18:22:04 - INFO -   [86/101] 第一剧场HD
2026-09-27 18:22:04 - INFO -   [87/101] 世界地理HD
2026-09-27 18:22:04 - INFO -   [88/101] 女性时尚HD
2026-09-27 18:22:04 - INFO -   [89/101] 风云剧场HD
2026-09-27 18:22:04 - INFO -   [90/101] 风云足球HD
2026-09-27 18:22:04 - INFO -   [91/101] 怀旧剧场HD
2026-09-27 18:22:04 - INFO -   [92/101] 兵器科技HD
2026-09-27 18:22:05 - INFO -   [93/101] 央视台球HD
2026-09-27 18:22:05 - INFO -   [94/101] 电视指南HD
2026-09-27 18:22:05 - INFO -   [95/101] 高尔夫网球HD
2026-09-27 18:22:05 - INFO -   [96/101] 央视文化精品HD
2026-09-27 18:22:05 - INFO -   [97/101] 早期教育HD
2026-09-27 18:22:05 - INFO -   [98/101] 卫生健康HD
2026-09-27 18:22:05 - INFO -   [99/101] 重庆卫视频道
2026-09-27 18:22:05 - INFO -   [100/101] CETV4(高清)
2026-09-27 18:22:05 - INFO -   [101/101] 山东教育卫视(高清)
2026-09-27 18:22:06 - INFO - 处理图标 101 个（源: gh-proxy.com）
2026-09-27 18:22:06 - INFO -   [1/101] CCTV-1综合(高清)
2026-09-27 18:22:21 - INFO -   下载: CCTV-1综合(高清) → CCTV1.png
2026-09-27 18:22:21 - INFO -   下载: CCTV-2财经(高清) → CCTV2.png
2026-09-27 18:22:22 - INFO -   下载: CCTV-3综艺(高清) → CCTV3.png
2026-09-27 18:22:22 - INFO -   下载: CCTV-4中文国际(高清) → CCTV4.png
2026-09-27 18:22:38 - INFO -   下载: CCTV-5体育(高清) → CCTV5.png
2026-09-27 18:22:54 - INFO -   下载: CCTV-5＋体育赛事(高清) → CCTV5+.png
2026-09-27 18:22:54 - INFO -   下载: CCTV-6电影(高清) → CCTV6.png
2026-09-27 18:23:25 - INFO -   下载: CCTV-7国防军事(高清) → CCTV7.png
2026-09-27 18:23:25 - INFO -   下载: CCTV-8电视剧(高清) → CCTV8.png
2026-09-27 18:23:25 - INFO -   [10/101] CCTV-9纪录(高清)
2026-09-27 18:23:41 - INFO -   下载: CCTV-9纪录(高清) → CCTV9.png
2026-09-27 18:23:41 - INFO -   下载: CCTV-10科教(高清) → CCTV10.png
2026-09-27 18:24:12 - INFO -   下载: CCTV-11戏曲(高清) → CCTV11.png
2026-09-27 18:24:12 - INFO -   下载: CCTV-12社会与法(高清) → CCTV12.png
2026-09-27 18:24:28 - INFO -   下载: CCTV-13新闻(高清) → CCTV13.png
2026-09-27 18:25:23 - INFO -   下载: CCTV-15音乐(高清) → CCTV15.png
2026-09-27 18:25:38 - INFO -   下载: CCTV-17农业农村(高清) → CCTV17.png
2026-09-27 18:25:39 - INFO -   下载: 重庆卫视(高清) → 重庆卫视.png
2026-09-27 18:25:40 - INFO -   下载: CQTV新闻(高清) → 重庆新闻.png
2026-09-27 18:25:40 - INFO -   [20/101] CQTV影视剧(高清)
2026-09-27 18:25:40 - INFO -   下载: CQTV影视剧(高清) → 重庆影视.png
2026-09-27 18:28:35 - INFO -   下载: CQTV新农村(高清) → 重庆新农村.png
2026-09-27 18:28:35 - INFO -   下载: CQTV少儿(高清) → 重庆少儿.png
2026-09-27 18:29:53 - INFO -   下载: CQTV汽摩(高清) → 重庆汽摩.png
2026-09-27 18:29:53 - INFO -   下载: CQTV移动(高清) → 重庆移动.png
2026-09-27 18:29:54 - INFO -   下载: 江苏卫视(高清) → 江苏卫视.png
2026-09-27 18:29:54 - INFO -   [30/101] 浙江卫视(高清)
2026-09-27 18:30:09 - INFO -   下载: 浙江卫视(高清) → 浙江卫视.png
2026-09-27 18:30:10 - INFO -   下载: 东方卫视(高清) → 东方卫视.png
2026-09-27 18:30:10 - INFO -   下载: 深圳卫视(高清) → 深圳卫视.png
2026-09-27 18:30:10 - INFO -   下载: 北京卫视(高清) → 北京卫视.png
2026-09-27 18:30:26 - INFO -   下载: 山东卫视(高清) → 山东卫视.png
2026-09-27 18:31:11 - INFO -   下载: 天津卫视(高清) → 天津卫视.png
2026-09-27 18:31:11 - INFO -   下载: 贵州卫视(高清) → 贵州卫视.png
2026-09-27 18:31:12 - INFO -   下载: 四川卫视(高清) → 四川卫视.png
2026-09-27 18:31:12 - INFO -   下载: 云南卫视(高清) → 云南卫视.png
2026-09-27 18:31:12 - INFO -   下载: 广西卫视 → 广西卫视.png
2026-09-27 18:31:12 - INFO -   [40/101] 黑龙江卫视(高清)
2026-09-27 18:31:28 - INFO -   下载: 黑龙江卫视(高清) → 黑龙江卫视.png
2026-09-27 18:31:28 - INFO -   下载: 安徽卫视(高清) → 安徽卫视.png
2026-09-27 18:31:28 - INFO -   下载: 山西卫视 → 山西卫视.png
2026-09-27 18:31:29 - INFO -   下载: 江西卫视(高清) → 江西卫视.png
2026-09-27 18:31:44 - INFO -   下载: 湖北卫视(高清) → 湖北卫视.png
2026-09-27 18:31:45 - INFO -   下载: 海南卫视HD → 海南卫视.png
2026-09-27 18:31:45 - INFO -   下载: 陕西卫视(高清) → 陕西卫视.png
2026-09-27 18:32:00 - INFO -   下载: 东南卫视(高清) → 东南卫视.png
2026-09-27 18:32:01 - INFO -   下载: 吉林卫视 → 吉林卫视.png
2026-09-27 18:32:01 - INFO -   下载: 辽宁卫视(高清) → 辽宁卫视.png
2026-09-27 18:32:01 - INFO -   [50/101] 内蒙古卫视(高清)
2026-09-27 18:32:16 - INFO -   下载: 内蒙古卫视(高清) → 内蒙古卫视.png
2026-09-27 18:32:32 - INFO -   下载: 湖南卫视(高清) → 湖南卫视.png
2026-09-27 18:32:33 - INFO -   下载: 广东卫视(高清) → 广东卫视.png
2026-09-27 18:32:48 - INFO -   下载: 河南卫视(高清) → 河南卫视.png
2026-09-27 18:32:48 - INFO -   下载: 河北卫视(高清) → 河北卫视.png
2026-09-27 18:33:04 - INFO -   下载: 宁夏卫视(高清) → 宁夏卫视.png
2026-09-27 18:33:04 - INFO -   下载: 甘肃卫视(高清) → 甘肃卫视.png
2026-09-27 18:33:05 - INFO -   下载: 卡酷少儿 → 卡酷少儿.png
2026-09-27 18:33:20 - INFO -   下载: 金鹰卡通 → 金鹰卡通.png
2026-09-27 18:33:36 - INFO -   下载: 嘉佳卡通 → 嘉佳卡通.png
2026-09-27 18:33:36 - INFO -   [60/101] 青海卫视
2026-09-27 18:33:37 - INFO -   下载: 青海卫视 → 青海卫视.png
2026-09-27 18:33:52 - INFO -   下载: 新疆卫视(高清) → 新疆卫视.png
2026-09-27 18:33:53 - INFO -   下载: 西藏卫视(高清) → 西藏卫视.png
2026-09-27 18:34:09 - INFO -   下载: CGTN中国国际电视台 → CGTN.png
2026-09-27 18:34:25 - INFO -   下载: 快乐垂钓(高清) → 快乐垂钓.png
2026-09-27 18:34:41 - INFO -   [70/101] CHC家庭影院(高清)
2026-09-27 18:35:31 - INFO -   [80/101] 法治天地HD
2026-09-27 18:35:32 - INFO -   [90/101] 风云足球HD
2026-09-27 18:35:32 - INFO -   [100/101] CETV4(高清)
2026-09-27 18:35:32 - INFO -   [101/101] 山东教育卫视(高清)
2026-09-27 18:35:32 - INFO - 图标完成: 下载 59, 跳过 31, 失败 11, 占位 11
2026-09-27 18:35:32 - INFO - 保存: output/channels.json
2026-09-27 18:35:32 - INFO - 保存: output/epg.json
2026-09-27 18:35:32 - INFO - 保存: output/iptv_full.json
2026-09-27 18:35:32 - ERROR - 采集失败: 'NoneType' object is not iterable
2026-09-27 18:40:19 - INFO - Web 启动: http://0.0.0.0:6000
2026-09-27 18:40:20 - INFO - 定时任务启动: 0 4 * * *
2026-09-27 18:40:29 - INFO - ============================================================
2026-09-27 18:40:29 - INFO - IPTV 采集开始
2026-09-27 18:40:29 - INFO - 使用配置中的 key: 02668400
2026-09-27 18:40:29 - INFO -   random: 99999
2026-09-27 18:40:29 - INFO -   token: 352587D543F900E842CF497968BA8CF0
2026-09-27 18:40:29 - INFO -   user_id: i5207379189@itv
2026-09-27 18:40:29 - INFO -   stb_id: 0010049900608930173628A6DB6FD29E
2026-09-27 18:40:29 - INFO -   ip: 173.45.20.200
2026-09-27 18:40:29 - INFO -   mac: 28:A6:DB:6F:D2:9E
2026-09-27 18:40:29 - INFO -   _: 
2026-09-27 18:40:29 - INFO -   isp: CTC
2026-09-27 18:40:29 - INFO - 认证 base: http://172.23.88.159:33200
2026-09-27 18:40:29 - INFO - 步骤1: 认证入口 (尝试 1/3)
2026-09-27 18:40:29 - INFO -   认证 URL: http://172.23.88.159:33200/EDS/jsp/AuthenticationURL?UserID=i5207379189@itv&Action=Login
2026-09-27 18:40:29 - INFO -   host: 172.23.88.159:33200
2026-09-27 18:40:29 - INFO - 步骤2: 登录
2026-09-27 18:40:29 - INFO -   EncryptToken: 137D4F996A26188E584452AA28F8C275
2026-09-27 18:40:29 - INFO -   userToken: 137D4F996A26188E584452AA28F8C275
2026-09-27 18:40:29 - INFO - 步骤3: 生成 Authenticator
2026-09-27 18:40:29 - INFO -   明文: 02668400$137D4F996A26188E584452AA28F8C275$i5207379189@itv$0010049900608930173628...
2026-09-27 18:40:29 - INFO -   密文: 815e1ff26c5789d845016ec74fa042da...
2026-09-27 18:40:29 - INFO - 步骤4: 鉴权
2026-09-27 18:40:29 - INFO -   ✅ isSucessed = true
2026-09-27 18:40:29 - INFO -   JSESSIONID: 05LSEJH0LA7PINEA13L0HYPMLMPBBGKG
2026-09-27 18:40:29 - INFO -   Cookie: {'JSESSIONID': '05LSEJH0LA7PINEA13L0HYPMLMPBBGKG'}
2026-09-27 18:40:29 - INFO -   UserToken: Mw6f7Mw6f70IqK39WyYrRIXFbEtO8ptY
2026-09-27 18:40:29 - INFO -   stbid: 990060
2026-09-27 18:40:29 - INFO - 认证成功: host=172.23.88.159:33200
2026-09-27 18:40:29 - INFO - fetch 前 cookies: {'JSESSIONID': '05LSEJH0LA7PINEA13L0HYPMLMPBBGKG'}
2026-09-27 18:40:29 - INFO - 拉取频道列表...
2026-09-27 18:40:29 - INFO - 频道列表响应长度: 42641
2026-09-27 18:40:29 - INFO - 频道列表响应前 200 字: [{"chanList":[{"timeShift":1,"hasSubscrib":1,"isTVOD":1,"channelName":"CCTV-1综合(高清)","channelType":1,"channelID":"1491","channelIndex":1},{"timeShift":1,"hasSubscrib":1,"isTVOD":1,"channelName":"CCTV-
2026-09-27 18:40:29 - INFO -   ✅ 解析成功: 6 栏目, 344 频道
2026-09-27 18:40:29 - INFO -   清洗了 33 个频道名
2026-09-27 18:40:29 - INFO -   扁平化后 151 个唯一频道
2026-09-27 18:40:29 - INFO - 扁平化 151
2026-09-27 18:40:29 - INFO - 过滤后 101
2026-09-27 18:40:29 - INFO - 拉取媒体编码映射...
2026-09-27 18:40:29 - INFO -   ✅ 媒体编码解析成功: 210 条
2026-09-27 18:40:29 - INFO - 解析 225 个频道地址
2026-09-27 18:40:29 - INFO - 组播地址: 225 个
2026-09-27 18:40:29 - INFO - 采集节目单，101 频道
2026-09-27 18:40:29 - INFO -   [1/101] CCTV-1综合(高清)
2026-09-27 18:40:29 - INFO -   [2/101] CCTV-2财经(高清)
2026-09-27 18:40:29 - INFO -   [3/101] CCTV-3综艺(高清)
2026-09-27 18:40:29 - INFO -   [4/101] CCTV-4中文国际(高清)
2026-09-27 18:40:29 - INFO -   [5/101] CCTV-5体育(高清)
2026-09-27 18:40:29 - INFO -   [6/101] CCTV-5＋体育赛事(高清)
2026-09-27 18:40:29 - INFO -   [7/101] CCTV-6电影(高清)
2026-09-27 18:40:30 - INFO -   [8/101] CCTV-7国防军事(高清)
2026-09-27 18:40:30 - INFO -   [9/101] CCTV-8电视剧(高清)
2026-09-27 18:40:30 - INFO -   [10/101] CCTV-9纪录(高清)
2026-09-27 18:40:30 - INFO -   [11/101] CCTV-10科教(高清)
2026-09-27 18:40:30 - INFO -   [12/101] CCTV-11戏曲(高清)
2026-09-27 18:40:30 - INFO -   [13/101] CCTV-12社会与法(高清)
2026-09-27 18:40:30 - INFO -   [14/101] CCTV-13新闻(高清)
2026-09-27 18:40:30 - INFO -   [15/101] CCTV-少儿(高清)
2026-09-27 18:40:31 - INFO -   [16/101] CCTV-15音乐(高清)
2026-09-27 18:40:31 - INFO -   [17/101] CCTV-17农业农村(高清)
2026-09-27 18:40:31 - INFO -   [18/101] 重庆卫视(高清)
2026-09-27 18:40:31 - INFO -   [19/101] CQTV新闻(高清)
2026-09-27 18:40:31 - INFO -   [20/101] CQTV影视剧(高清)
2026-09-27 18:40:31 - INFO -   [21/101] CQTV社会与法(高清)
2026-09-27 18:40:31 - INFO -   [22/101] CQTV红岩文化(高清)
2026-09-27 18:40:31 - INFO -   [23/101] CQTV娱乐(高清)
2026-09-27 18:40:31 - INFO -   [24/101] CQTV新农村(高清)
2026-09-27 18:40:32 - INFO -   [25/101] CQTV少儿(高清)
2026-09-27 18:40:32 - INFO -   [26/101] CQTV红叶(高清)
2026-09-27 18:40:32 - INFO -   [27/101] CQTV汽摩(高清)
2026-09-27 18:40:32 - INFO -   [28/101] CQTV移动(高清)
2026-09-27 18:40:32 - INFO -   [29/101] 江苏卫视(高清)
2026-09-27 18:40:32 - INFO -   [30/101] 浙江卫视(高清)
2026-09-27 18:40:32 - INFO -   [31/101] 东方卫视(高清)
2026-09-27 18:40:32 - INFO -   [32/101] 深圳卫视(高清)
2026-09-27 18:40:32 - INFO -   [33/101] 北京卫视(高清)
2026-09-27 18:40:33 - INFO -   [34/101] 山东卫视(高清)
2026-09-27 18:40:33 - INFO -   [35/101] 天津卫视(高清)
2026-09-27 18:40:33 - INFO -   [36/101] 贵州卫视(高清)
2026-09-27 18:40:33 - INFO -   [37/101] 四川卫视(高清)
2026-09-27 18:40:33 - INFO -   [38/101] 云南卫视(高清)
2026-09-27 18:40:33 - INFO -   [39/101] 广西卫视
2026-09-27 18:40:33 - INFO -   [40/101] 黑龙江卫视(高清)
2026-09-27 18:40:33 - INFO -   [41/101] 安徽卫视(高清)
2026-09-27 18:40:34 - INFO -   [42/101] 山西卫视
2026-09-27 18:40:34 - INFO -   [43/101] 江西卫视(高清)
2026-09-27 18:40:34 - INFO -   [44/101] 湖北卫视(高清)
2026-09-27 18:40:34 - INFO -   [45/101] 海南卫视HD
2026-09-27 18:40:34 - INFO -   [46/101] 陕西卫视(高清)
2026-09-27 18:40:34 - INFO -   [47/101] 东南卫视(高清)
2026-09-27 18:40:34 - INFO -   [48/101] 吉林卫视
2026-09-27 18:40:34 - INFO -   [49/101] 辽宁卫视(高清)
2026-09-27 18:40:35 - INFO -   [50/101] 内蒙古卫视(高清)
2026-09-27 18:40:35 - INFO -   [51/101] 湖南卫视(高清)
2026-09-27 18:40:35 - INFO -   [52/101] 广东卫视(高清)
2026-09-27 18:40:35 - INFO -   [53/101] 河南卫视(高清)
2026-09-27 18:40:35 - INFO -   [54/101] 河北卫视(高清)
2026-09-27 18:40:35 - INFO -   [55/101] 宁夏卫视(高清)
2026-09-27 18:40:35 - INFO -   [56/101] 甘肃卫视(高清)
2026-09-27 18:40:35 - INFO -   [57/101] 卡酷少儿
2026-09-27 18:40:36 - INFO -   [58/101] 金鹰卡通
2026-09-27 18:40:36 - INFO -   [59/101] 嘉佳卡通
2026-09-27 18:40:36 - INFO -   [60/101] 青海卫视
2026-09-27 18:40:36 - INFO -   [61/101] 新疆卫视(高清)
2026-09-27 18:40:36 - INFO -   [62/101] 西藏卫视(高清)
2026-09-27 18:40:36 - INFO -   [63/101] 新疆兵团卫视(高清)
2026-09-27 18:40:36 - INFO -   [64/101] CGTN中国国际电视台
2026-09-27 18:40:36 - INFO -   [65/101] 快乐垂钓(高清)
2026-09-27 18:40:36 - INFO -   [66/101] 武术世界(高清)
2026-09-27 18:40:37 - INFO -   [67/101] 文物宝库(高清)
2026-09-27 18:40:37 - INFO -   [68/101] 书画
2026-09-27 18:40:37 - INFO -   [69/101] 梨园
2026-09-27 18:40:37 - INFO -   [70/101] CHC家庭影院(高清)
2026-09-27 18:40:37 - INFO -   [71/101] CHC动作电影(高清)
2026-09-27 18:40:37 - INFO -   [72/101] CHC影迷电影(高清)
2026-09-27 18:40:37 - INFO -   [73/101] 精彩影视(高清)
2026-09-27 18:40:37 - INFO -   [74/101] 求索(高清)
2026-09-27 18:40:37 - INFO -   [75/101] CETV1(高清)
2026-09-27 18:40:38 - INFO -   [76/101] 多彩文体HD
2026-09-27 18:40:38 - INFO -   [77/101] 都市剧场HD
2026-09-27 18:40:38 - INFO -   [78/101] 动漫秀场HD
2026-09-27 18:40:38 - INFO -   [79/101] 乐游HD
2026-09-27 18:40:38 - INFO -   [80/101] 法治天地HD
2026-09-27 18:40:38 - INFO -   [81/101] 金色频道HD
2026-09-27 18:40:38 - INFO -   [82/101] 东方财经HD
2026-09-27 18:40:38 - INFO -   [83/101] 游戏风云HD
2026-09-27 18:40:39 - INFO -   [84/101] 生活时尚HD
2026-09-27 18:40:39 - INFO -   [85/101] 风云音乐HD
2026-09-27 18:40:39 - INFO -   [86/101] 第一剧场HD
2026-09-27 18:40:39 - INFO -   [87/101] 世界地理HD
2026-09-27 18:40:39 - INFO -   [88/101] 女性时尚HD
2026-09-27 18:40:39 - INFO -   [89/101] 风云剧场HD
2026-09-27 18:40:39 - INFO -   [90/101] 风云足球HD
2026-09-27 18:40:39 - INFO -   [91/101] 怀旧剧场HD
2026-09-27 18:40:39 - INFO -   [92/101] 兵器科技HD
2026-09-27 18:40:40 - INFO -   [93/101] 央视台球HD
2026-09-27 18:40:40 - INFO -   [94/101] 电视指南HD
2026-09-27 18:40:40 - INFO -   [95/101] 高尔夫网球HD
2026-09-27 18:40:40 - INFO -   [96/101] 央视文化精品HD
2026-09-27 18:40:40 - INFO -   [97/101] 早期教育HD
2026-09-27 18:40:40 - INFO -   [98/101] 卫生健康HD
2026-09-27 18:40:40 - INFO -   [99/101] 重庆卫视频道
2026-09-27 18:40:40 - INFO -   [100/101] CETV4(高清)
2026-09-27 18:40:40 - INFO -   [101/101] 山东教育卫视(高清)
2026-09-27 18:40:41 - INFO - 节目单: 101 个频道
2026-09-27 18:40:41 - INFO - >>> 开始处理图标
2026-09-27 18:40:41 - INFO - 处理图标 101 个（源: gh-proxy.com）
2026-09-27 18:40:41 - INFO -   [1/101] CCTV-1综合(高清)
2026-09-27 18:40:41 - INFO -   [10/101] CCTV-9纪录(高清)
2026-09-27 18:40:41 - INFO -   [20/101] CQTV影视剧(高清)
2026-09-27 18:40:41 - INFO -   [30/101] 浙江卫视(高清)
2026-09-27 18:40:41 - INFO -   [40/101] 黑龙江卫视(高清)
2026-09-27 18:40:41 - INFO -   [50/101] 内蒙古卫视(高清)
2026-09-27 18:40:41 - INFO -   [60/101] 青海卫视
2026-09-27 18:40:41 - INFO -   [70/101] CHC家庭影院(高清)
2026-09-27 18:40:41 - INFO -   [80/101] 法治天地HD
2026-09-27 18:40:41 - INFO -   [90/101] 风云足球HD
2026-09-27 18:40:41 - INFO -   [100/101] CETV4(高清)
2026-09-27 18:40:41 - INFO -   [101/101] 山东教育卫视(高清)
2026-09-27 18:40:41 - INFO - 图标完成: 下载 0, 跳过 101, 失败 0, 占位 0
2026-09-27 18:40:41 - INFO - >>> 图标处理完成
2026-09-27 18:40:41 - INFO - >>> 1. Storage.save 开始
2026-09-27 18:40:41 - INFO - 保存: output/channels.json
2026-09-27 18:40:41 - INFO - 保存: output/epg.json
2026-09-27 18:40:41 - INFO - 保存: output/iptv_full.json
2026-09-27 18:40:41 - INFO - >>> save_sqlite 开始
2026-09-27 18:40:41 - INFO -     channels 类型=list, 长度=101
2026-09-27 18:40:41 - INFO -     epgs 类型=dict, 长度=101
2026-09-27 18:40:41 - INFO -     写入 channels: 101
2026-09-27 18:40:41 - INFO -     写入 programs: 2954, 跳过空EPG: 30
2026-09-27 18:40:41 - INFO - 保存: output/iptv.db
2026-09-27 18:40:41 - INFO - >>> 1. Storage.save 完成
2026-09-27 18:40:41 - INFO - >>> 2. XMLTVGenerator.save 开始
2026-09-27 18:40:41 - INFO - XMLTV: 101 频道, 2954 节目
2026-09-27 18:40:41 - INFO - 保存: output/epg.xml, output/epg.xml.gz
2026-09-27 18:40:41 - INFO - >>> 2. XMLTVGenerator.save 完成
2026-09-27 18:40:41 - INFO - >>> 3. M3UGenerator.save 开始
2026-09-27 18:40:41 - INFO - 保存: output/playlist.m3u
2026-09-27 18:40:41 - INFO - >>> 3. M3UGenerator.save 完成
2026-09-27 18:40:41 - INFO - ============================================================
2026-09-27 18:40:41 - INFO - 采集完成
2026-09-27 18:40:41 - INFO - ============================================================
2026-09-27 19:02:57 - INFO - Web 启动: http://0.0.0.0:6000
2026-09-27 19:02:58 - INFO - 定时任务启动: 0 4 * * *
2026-09-27 19:03:05 - INFO - ============================================================
2026-09-27 19:03:05 - INFO - IPTV 采集开始
2026-09-27 19:03:05 - INFO - 使用配置中的 key: 02668400
2026-09-27 19:03:05 - INFO -   random: 99999
2026-09-27 19:03:05 - INFO -   token: 352587D543F900E842CF497968BA8CF0
2026-09-27 19:03:05 - INFO -   user_id: i5207379189@itv
2026-09-27 19:03:05 - INFO -   stb_id: 0010049900608930173628A6DB6FD29E
2026-09-27 19:03:05 - INFO -   ip: 173.45.20.200
2026-09-27 19:03:05 - INFO -   mac: 28:A6:DB:6F:D2:9E
2026-09-27 19:03:05 - INFO -   _: 
2026-09-27 19:03:05 - INFO -   isp: CTC
2026-09-27 19:03:05 - INFO - 认证 base: http://172.23.88.159:33200
2026-09-27 19:03:05 - INFO - 步骤1: 认证入口 (尝试 1/3)
2026-09-27 19:03:05 - INFO -   认证 URL: http://172.23.88.159:33200/EDS/jsp/AuthenticationURL?UserID=i5207379189@itv&Action=Login
2026-09-27 19:03:05 - INFO -   host: 172.23.88.159:33200
2026-09-27 19:03:05 - INFO - 步骤2: 登录
2026-09-27 19:03:05 - INFO -   EncryptToken: E29E526C14C6FE44C5E11A8F009A0CC1
2026-09-27 19:03:05 - INFO -   userToken: E29E526C14C6FE44C5E11A8F009A0CC1
2026-09-27 19:03:05 - INFO - 步骤3: 生成 Authenticator
2026-09-27 19:03:05 - INFO -   明文: 02668400$E29E526C14C6FE44C5E11A8F009A0CC1$i5207379189@itv$0010049900608930173628...
2026-09-27 19:03:05 - INFO -   密文: 815e1ff26c5789d849251c809495fc36...
2026-09-27 19:03:05 - INFO - 步骤4: 鉴权
2026-09-27 19:03:05 - INFO -   ✅ isSucessed = true
2026-09-27 19:03:05 - INFO -   JSESSIONID: 05LSFL5F1BIZ05HMGS1WF9Y9XP6IUBWG
2026-09-27 19:03:05 - INFO -   Cookie: {'JSESSIONID': '05LSFL5F1BIZ05HMGS1WF9Y9XP6IUBWG'}
2026-09-27 19:03:05 - INFO -   UserToken: Mw70zMw70z7jGaAmTd0P4PPQcc7QtJ7w
2026-09-27 19:03:05 - INFO -   stbid: 990060
2026-09-27 19:03:05 - INFO - 认证成功: host=172.23.88.159:33200
2026-09-27 19:03:05 - INFO - fetch 前 cookies: {'JSESSIONID': '05LSFL5F1BIZ05HMGS1WF9Y9XP6IUBWG'}
2026-09-27 19:03:05 - INFO - 拉取频道列表...
2026-09-27 19:03:05 - INFO - 频道列表响应长度: 42641
2026-09-27 19:03:05 - INFO - 频道列表响应前 200 字: [{"chanList":[{"timeShift":1,"hasSubscrib":1,"isTVOD":1,"channelName":"CCTV-1综合(高清)","channelType":1,"channelID":"1491","channelIndex":1},{"timeShift":1,"hasSubscrib":1,"isTVOD":1,"channelName":"CCTV-
2026-09-27 19:03:05 - INFO -   ✅ 解析成功: 6 栏目, 344 频道
2026-09-27 19:03:05 - INFO -   清洗了 33 个频道名
2026-09-27 19:03:05 - INFO -   扁平化后 151 个唯一频道
2026-09-27 19:03:05 - INFO - 扁平化 151
2026-09-27 19:03:05 - INFO - 过滤后 101
2026-09-27 19:03:05 - INFO - 拉取媒体编码映射...
2026-09-27 19:03:05 - INFO -   ✅ 媒体编码解析成功: 210 条
2026-09-27 19:03:05 - INFO - 解析 225 个频道地址
2026-09-27 19:03:05 - INFO - 组播地址: 225 个
2026-09-27 19:03:05 - INFO - 采集节目单，101 频道
2026-09-27 19:03:05 - INFO -   [1/101] CCTV-1综合(高清)
2026-09-27 19:03:05 - INFO -   [2/101] CCTV-2财经(高清)
2026-09-27 19:03:05 - INFO -   [3/101] CCTV-3综艺(高清)
2026-09-27 19:03:05 - INFO -   [4/101] CCTV-4中文国际(高清)
2026-09-27 19:03:05 - INFO -   [5/101] CCTV-5体育(高清)
2026-09-27 19:03:06 - INFO -   [6/101] CCTV-5＋体育赛事(高清)
2026-09-27 19:03:06 - INFO -   [7/101] CCTV-6电影(高清)
2026-09-27 19:03:06 - INFO -   [8/101] CCTV-7国防军事(高清)
2026-09-27 19:03:06 - INFO -   [9/101] CCTV-8电视剧(高清)
2026-09-27 19:03:06 - INFO -   [10/101] CCTV-9纪录(高清)
2026-09-27 19:03:06 - INFO -   [11/101] CCTV-10科教(高清)
2026-09-27 19:03:06 - INFO -   [12/101] CCTV-11戏曲(高清)
2026-09-27 19:03:06 - INFO -   [13/101] CCTV-12社会与法(高清)
2026-09-27 19:03:06 - INFO -   [14/101] CCTV-13新闻(高清)
2026-09-27 19:03:07 - INFO -   [15/101] CCTV-少儿(高清)
2026-09-27 19:03:07 - INFO -   [16/101] CCTV-15音乐(高清)
2026-09-27 19:03:07 - INFO -   [17/101] CCTV-17农业农村(高清)
2026-09-27 19:03:07 - INFO -   [18/101] 重庆卫视(高清)
2026-09-27 19:03:07 - INFO -   [19/101] CQTV新闻(高清)
2026-09-27 19:03:07 - INFO -   [20/101] CQTV影视剧(高清)
2026-09-27 19:03:07 - INFO -   [21/101] CQTV社会与法(高清)
2026-09-27 19:03:07 - INFO -   [22/101] CQTV红岩文化(高清)
2026-09-27 19:03:07 - INFO -   [23/101] CQTV娱乐(高清)
2026-09-27 19:03:08 - INFO -   [24/101] CQTV新农村(高清)
2026-09-27 19:03:08 - INFO -   [25/101] CQTV少儿(高清)
2026-09-27 19:03:08 - INFO -   [26/101] CQTV红叶(高清)
2026-09-27 19:03:08 - INFO -   [27/101] CQTV汽摩(高清)
2026-09-27 19:03:08 - INFO -   [28/101] CQTV移动(高清)
2026-09-27 19:03:08 - INFO -   [29/101] 江苏卫视(高清)
2026-09-27 19:03:08 - INFO -   [30/101] 浙江卫视(高清)
2026-09-27 19:03:08 - INFO -   [31/101] 东方卫视(高清)
2026-09-27 19:03:08 - INFO -   [32/101] 深圳卫视(高清)
2026-09-27 19:03:09 - INFO -   [33/101] 北京卫视(高清)
2026-09-27 19:03:09 - INFO -   [34/101] 山东卫视(高清)
2026-09-27 19:03:09 - INFO -   [35/101] 天津卫视(高清)
2026-09-27 19:03:09 - INFO -   [36/101] 贵州卫视(高清)
2026-09-27 19:03:09 - INFO -   [37/101] 四川卫视(高清)
2026-09-27 19:03:09 - INFO -   [38/101] 云南卫视(高清)
2026-09-27 19:03:09 - INFO -   [39/101] 广西卫视
2026-09-27 19:03:09 - INFO -   [40/101] 黑龙江卫视(高清)
2026-09-27 19:03:10 - INFO -   [41/101] 安徽卫视(高清)
2026-09-27 19:03:10 - INFO -   [42/101] 山西卫视
2026-09-27 19:03:10 - INFO -   [43/101] 江西卫视(高清)
2026-09-27 19:03:10 - INFO -   [44/101] 湖北卫视(高清)
2026-09-27 19:03:10 - INFO -   [45/101] 海南卫视HD
2026-09-27 19:03:10 - INFO -   [46/101] 陕西卫视(高清)
2026-09-27 19:03:10 - INFO -   [47/101] 东南卫视(高清)
2026-09-27 19:03:10 - INFO -   [48/101] 吉林卫视
2026-09-27 19:03:10 - INFO -   [49/101] 辽宁卫视(高清)
2026-09-27 19:03:11 - INFO -   [50/101] 内蒙古卫视(高清)
2026-09-27 19:03:11 - INFO -   [51/101] 湖南卫视(高清)
2026-09-27 19:03:11 - INFO -   [52/101] 广东卫视(高清)
2026-09-27 19:03:11 - INFO -   [53/101] 河南卫视(高清)
2026-09-27 19:03:11 - INFO -   [54/101] 河北卫视(高清)
2026-09-27 19:03:11 - INFO -   [55/101] 宁夏卫视(高清)
2026-09-27 19:03:11 - INFO -   [56/101] 甘肃卫视(高清)
2026-09-27 19:03:11 - INFO -   [57/101] 卡酷少儿
2026-09-27 19:03:11 - INFO -   [58/101] 金鹰卡通
2026-09-27 19:03:12 - INFO -   [59/101] 嘉佳卡通
2026-09-27 19:03:12 - INFO -   [60/101] 青海卫视
2026-09-27 19:03:12 - INFO -   [61/101] 新疆卫视(高清)
2026-09-27 19:03:12 - INFO -   [62/101] 西藏卫视(高清)
2026-09-27 19:03:12 - INFO -   [63/101] 新疆兵团卫视(高清)
2026-09-27 19:03:12 - INFO -   [64/101] CGTN中国国际电视台
2026-09-27 19:03:12 - INFO -   [65/101] 快乐垂钓(高清)
2026-09-27 19:03:12 - INFO -   [66/101] 武术世界(高清)
2026-09-27 19:03:12 - INFO -   [67/101] 文物宝库(高清)
2026-09-27 19:03:13 - INFO -   [68/101] 书画
2026-09-27 19:03:13 - INFO -   [69/101] 梨园
2026-09-27 19:03:13 - INFO -   [70/101] CHC家庭影院(高清)
2026-09-27 19:03:13 - INFO -   [71/101] CHC动作电影(高清)
2026-09-27 19:03:13 - INFO -   [72/101] CHC影迷电影(高清)
2026-09-27 19:03:13 - INFO -   [73/101] 精彩影视(高清)
2026-09-27 19:03:13 - INFO -   [74/101] 求索(高清)
2026-09-27 19:03:13 - INFO -   [75/101] CETV1(高清)
2026-09-27 19:03:13 - INFO -   [76/101] 多彩文体HD
2026-09-27 19:03:14 - INFO -   [77/101] 都市剧场HD
2026-09-27 19:03:14 - INFO -   [78/101] 动漫秀场HD
2026-09-27 19:03:14 - INFO -   [79/101] 乐游HD
2026-09-27 19:03:14 - INFO -   [80/101] 法治天地HD
2026-09-27 19:03:14 - INFO -   [81/101] 金色频道HD
2026-09-27 19:03:14 - INFO -   [82/101] 东方财经HD
2026-09-27 19:03:14 - INFO -   [83/101] 游戏风云HD
2026-09-27 19:03:14 - INFO -   [84/101] 生活时尚HD
2026-09-27 19:03:15 - INFO -   [85/101] 风云音乐HD
2026-09-27 19:03:15 - INFO -   [86/101] 第一剧场HD
2026-09-27 19:03:15 - INFO -   [87/101] 世界地理HD
2026-09-27 19:03:15 - INFO -   [88/101] 女性时尚HD
2026-09-27 19:03:15 - INFO -   [89/101] 风云剧场HD
2026-09-27 19:03:15 - INFO -   [90/101] 风云足球HD
2026-09-27 19:03:15 - INFO -   [91/101] 怀旧剧场HD
2026-09-27 19:03:15 - INFO -   [92/101] 兵器科技HD
2026-09-27 19:03:15 - INFO -   [93/101] 央视台球HD
2026-09-27 19:03:16 - INFO -   [94/101] 电视指南HD
2026-09-27 19:03:16 - INFO -   [95/101] 高尔夫网球HD
2026-09-27 19:03:16 - INFO -   [96/101] 央视文化精品HD
2026-09-27 19:03:16 - INFO -   [97/101] 早期教育HD
2026-09-27 19:03:16 - INFO -   [98/101] 卫生健康HD
2026-09-27 19:03:16 - INFO -   [99/101] 重庆卫视频道
2026-09-27 19:03:16 - INFO -   [100/101] CETV4(高清)
2026-09-27 19:03:16 - INFO -   [101/101] 山东教育卫视(高清)
2026-09-27 19:03:16 - INFO - 节目单: 101 个频道
2026-09-27 19:03:16 - INFO - >>> 开始处理图标
2026-09-27 19:03:16 - INFO - 处理图标 101 个（源: gh-proxy.com）
2026-09-27 19:03:16 - INFO -   [1/101] CCTV-1综合(高清)
2026-09-27 19:03:16 - INFO -   [10/101] CCTV-9纪录(高清)
2026-09-27 19:03:16 - INFO -   [20/101] CQTV影视剧(高清)
2026-09-27 19:03:16 - INFO -   [30/101] 浙江卫视(高清)
2026-09-27 19:03:16 - INFO -   [40/101] 黑龙江卫视(高清)
2026-09-27 19:03:16 - INFO -   [50/101] 内蒙古卫视(高清)
2026-09-27 19:03:16 - INFO -   [60/101] 青海卫视
2026-09-27 19:03:16 - INFO -   [70/101] CHC家庭影院(高清)
2026-09-27 19:03:16 - INFO -   [80/101] 法治天地HD
2026-09-27 19:03:16 - INFO -   [90/101] 风云足球HD
2026-09-27 19:03:16 - INFO -   [100/101] CETV4(高清)
2026-09-27 19:03:16 - INFO -   [101/101] 山东教育卫视(高清)
2026-09-27 19:03:16 - INFO - 图标完成: 下载 0, 跳过 101, 失败 0, 占位 0
2026-09-27 19:03:16 - INFO - >>> 图标处理完成
2026-09-27 19:03:16 - INFO - >>> 1. Storage.save 开始
2026-09-27 19:03:16 - INFO - 保存: output/channels.json
2026-09-27 19:03:17 - INFO - 保存: output/epg.json
2026-09-27 19:03:17 - INFO - 保存: output/iptv_full.json
2026-09-27 19:03:17 - INFO - >>> save_sqlite 开始
2026-09-27 19:03:17 - INFO -     channels 类型=list, 长度=101
2026-09-27 19:03:17 - INFO -     epgs 类型=dict, 长度=101
2026-09-27 19:03:17 - INFO -     写入 channels: 101
2026-09-27 19:03:17 - INFO -     写入 programs: 2954, 跳过空EPG: 30
2026-09-27 19:03:17 - INFO - 保存: output/iptv.db
2026-09-27 19:03:17 - INFO - >>> 1. Storage.save 完成
2026-09-27 19:03:17 - INFO - >>> 2. XMLTVGenerator.save 开始
2026-09-27 19:03:17 - INFO - XMLTV: 101 频道, 2954 节目
2026-09-27 19:03:17 - INFO - 保存: output/epg.xml, output/epg.xml.gz
2026-09-27 19:03:17 - INFO - >>> 2. XMLTVGenerator.save 完成
2026-09-27 19:03:17 - INFO - >>> 3. M3UGenerator.save 开始
2026-09-27 19:03:17 - INFO - 保存: output/playlist.m3u
2026-09-27 19:03:17 - INFO - >>> 3. M3UGenerator.save 完成
2026-09-27 19:03:17 - INFO - ============================================================
2026-09-27 19:03:17 - INFO - 采集完成
2026-09-27 19:03:17 - INFO - ============================================================
